Archive member included to satisfy reference by file (symbol)

.\CortexM3\ARM_GCC_541\Debug\RAMA1.a(LCD.o)
                              .\CortexM3\ARM_GCC_541\Debug\main.o (LCD_PrintString)
.\CortexM3\ARM_GCC_541\Debug\RAMA1.a(LCD_CustChars.o)
                              .\CortexM3\ARM_GCC_541\Debug\RAMA1.a(LCD.o) (LCD_LoadCustomFonts)
.\CortexM3\ARM_GCC_541\Debug\RAMA1.a(CyLib.o)
                              .\CortexM3\ARM_GCC_541\Debug\Cm3Start.o (CyHalt)
.\CortexM3\ARM_GCC_541\Debug\RAMA1.a(cyPm.o)
                              .\CortexM3\ARM_GCC_541\Debug\RAMA1.a(CyLib.o) (CyPmReadStatus)
.\CortexM3\ARM_GCC_541\Debug\RAMA1.a(SWI.o)
                              .\CortexM3\ARM_GCC_541\Debug\main.o (SWI_Read)
.\CortexM3\ARM_GCC_541\Debug\RAMA1.a(IRQ_SW.o)
                              .\CortexM3\ARM_GCC_541\Debug\main.o (IRQ_SW_StartEx)
.\CortexM3\ARM_GCC_541\Debug\RAMA1.a(ADC.o)
                              .\CortexM3\ARM_GCC_541\Debug\main.o (ADC_Start)
.\CortexM3\ARM_GCC_541\Debug\RAMA1.a(ADC_INT.o)
                              .\CortexM3\ARM_GCC_541\Debug\RAMA1.a(ADC.o) (ADC_ISR)
.\CortexM3\ARM_GCC_541\Debug\RAMA1.a(ADC_theACLK.o)
                              .\CortexM3\ARM_GCC_541\Debug\RAMA1.a(ADC.o) (ADC_theACLK_SetModeRegister)
.\CortexM3\ARM_GCC_541\Debug\RAMA1.a(CyBootAsmGnu.o)
                              .\CortexM3\ARM_GCC_541\Debug\cyfitter_cfg.o (CyDelayCycles)
.\CortexM3\ARM_GCC_541\Debug\RAMA1.a(CyFlash.o)
                              .\CortexM3\ARM_GCC_541\Debug\RAMA1.a(cyPm.o) (CyFlash_SetWaitCycles)
.\CortexM3\ARM_GCC_541\Debug\RAMA1.a(CySpc.o)
                              .\CortexM3\ARM_GCC_541\Debug\RAMA1.a(CyFlash.o) (CySpcStart)
c:/program files (x86)/cypress/psoc creator/4.2/psoc creator/import/gnu/arm/5.4.1/bin/../lib/gcc/arm-none-eabi/5.4.1/armv7-m\libgcc.a(_arm_addsubsf3.o)
                              .\CortexM3\ARM_GCC_541\Debug\RAMA1.a(ADC.o) (__aeabi_i2f)
c:/program files (x86)/cypress/psoc creator/4.2/psoc creator/import/gnu/arm/5.4.1/bin/../lib/gcc/arm-none-eabi/5.4.1/armv7-m\libgcc.a(_arm_muldivsf3.o)
                              .\CortexM3\ARM_GCC_541\Debug\RAMA1.a(ADC.o) (__aeabi_fmul)
c:/program files (x86)/cypress/psoc creator/4.2/psoc creator/import/gnu/arm/5.4.1/bin/../lib/gcc/arm-none-eabi/5.4.1/armv7-m\libgcc.a(_aeabi_ldivmod.o)
                              .\CortexM3\ARM_GCC_541\Debug\RAMA1.a(ADC.o) (__aeabi_ldivmod)
c:/program files (x86)/cypress/psoc creator/4.2/psoc creator/import/gnu/arm/5.4.1/bin/../lib/gcc/arm-none-eabi/5.4.1/armv7-m\libgcc.a(_udivmoddi4.o)
                              c:/program files (x86)/cypress/psoc creator/4.2/psoc creator/import/gnu/arm/5.4.1/bin/../lib/gcc/arm-none-eabi/5.4.1/armv7-m\libgcc.a(_aeabi_ldivmod.o) (__udivmoddi4)
c:/program files (x86)/cypress/psoc creator/4.2/psoc creator/import/gnu/arm/5.4.1/bin/../lib/gcc/arm-none-eabi/5.4.1/armv7-m\libgcc.a(_dvmd_tls.o)
                              c:/program files (x86)/cypress/psoc creator/4.2/psoc creator/import/gnu/arm/5.4.1/bin/../lib/gcc/arm-none-eabi/5.4.1/armv7-m\libgcc.a(_aeabi_ldivmod.o) (__aeabi_ldiv0)
c:/program files (x86)/cypress/psoc creator/4.2/psoc creator/import/gnu/arm/5.4.1/bin/../lib/gcc/arm-none-eabi/5.4.1/../../../../arm-none-eabi/lib/armv7-m\libg_nano.a(lib_a-errno.o)
                              .\CortexM3\ARM_GCC_541\Debug\Cm3Start.o (__errno)
c:/program files (x86)/cypress/psoc creator/4.2/psoc creator/import/gnu/arm/5.4.1/bin/../lib/gcc/arm-none-eabi/5.4.1/../../../../arm-none-eabi/lib/armv7-m\libg_nano.a(lib_a-exit.o)
                              c:/program files (x86)/cypress/psoc creator/4.2/psoc creator/import/gnu/arm/5.4.1/bin/../lib/gcc/arm-none-eabi/5.4.1/../../../../arm-none-eabi/lib/armv7-m/crt0.o (exit)
c:/program files (x86)/cypress/psoc creator/4.2/psoc creator/import/gnu/arm/5.4.1/bin/../lib/gcc/arm-none-eabi/5.4.1/../../../../arm-none-eabi/lib/armv7-m\libg_nano.a(lib_a-impure.o)
                              c:/program files (x86)/cypress/psoc creator/4.2/psoc creator/import/gnu/arm/5.4.1/bin/../lib/gcc/arm-none-eabi/5.4.1/../../../../arm-none-eabi/lib/armv7-m\libg_nano.a(lib_a-exit.o) (_global_impure_ptr)
c:/program files (x86)/cypress/psoc creator/4.2/psoc creator/import/gnu/arm/5.4.1/bin/../lib/gcc/arm-none-eabi/5.4.1/../../../../arm-none-eabi/lib/armv7-m\libg_nano.a(lib_a-init.o)
                              c:/program files (x86)/cypress/psoc creator/4.2/psoc creator/import/gnu/arm/5.4.1/bin/../lib/gcc/arm-none-eabi/5.4.1/../../../../arm-none-eabi/lib/armv7-m/crt0.o (__libc_init_array)
c:/program files (x86)/cypress/psoc creator/4.2/psoc creator/import/gnu/arm/5.4.1/bin/../lib/gcc/arm-none-eabi/5.4.1/../../../../arm-none-eabi/lib/armv7-m\libg_nano.a(lib_a-memcpy-stub.o)
                              .\CortexM3\ARM_GCC_541\Debug\cyfitter_cfg.o (memcpy)
c:/program files (x86)/cypress/psoc creator/4.2/psoc creator/import/gnu/arm/5.4.1/bin/../lib/gcc/arm-none-eabi/5.4.1/../../../../arm-none-eabi/lib/armv7-m\libg_nano.a(lib_a-memset.o)
                              c:/program files (x86)/cypress/psoc creator/4.2/psoc creator/import/gnu/arm/5.4.1/bin/../lib/gcc/arm-none-eabi/5.4.1/../../../../arm-none-eabi/lib/armv7-m/crt0.o (memset)

Allocating common symbols
Common symbol       size              file

f                   0x2               .\CortexM3\ARM_GCC_541\Debug\main.o
ADC_countsPer10Volt
                    0x4               .\CortexM3\ARM_GCC_541\Debug\RAMA1.a(ADC.o)
k                   0x2               .\CortexM3\ARM_GCC_541\Debug\main.o
ADC_shift           0x2               .\CortexM3\ARM_GCC_541\Debug\RAMA1.a(ADC.o)
ADC_countsPerVolt   0x2               .\CortexM3\ARM_GCC_541\Debug\RAMA1.a(ADC.o)
ADC_offset          0x2               .\CortexM3\ARM_GCC_541\Debug\RAMA1.a(ADC.o)
d                   0x2               .\CortexM3\ARM_GCC_541\Debug\main.o
dieTemperature      0x2               .\CortexM3\ARM_GCC_541\Debug\RAMA1.a(CyFlash.o)
u                   0x2               .\CortexM3\ARM_GCC_541\Debug\main.o

Discarded input sections

 .text          0x00000000        0x0 c:/program files (x86)/cypress/psoc creator/4.2/psoc creator/import/gnu/arm/5.4.1/bin/../lib/gcc/arm-none-eabi/5.4.1/armv7-m/crti.o
 .data          0x00000000        0x0 c:/program files (x86)/cypress/psoc creator/4.2/psoc creator/import/gnu/arm/5.4.1/bin/../lib/gcc/arm-none-eabi/5.4.1/armv7-m/crti.o
 .bss           0x00000000        0x0 c:/program files (x86)/cypress/psoc creator/4.2/psoc creator/import/gnu/arm/5.4.1/bin/../lib/gcc/arm-none-eabi/5.4.1/armv7-m/crti.o
 .data          0x00000000        0x4 c:/program files (x86)/cypress/psoc creator/4.2/psoc creator/import/gnu/arm/5.4.1/bin/../lib/gcc/arm-none-eabi/5.4.1/armv7-m/crtbegin.o
 .text          0x00000000       0x74 c:/program files (x86)/cypress/psoc creator/4.2/psoc creator/import/gnu/arm/5.4.1/bin/../lib/gcc/arm-none-eabi/5.4.1/../../../../arm-none-eabi/lib/armv7-m/crt0.o
 .data          0x00000000        0x0 c:/program files (x86)/cypress/psoc creator/4.2/psoc creator/import/gnu/arm/5.4.1/bin/../lib/gcc/arm-none-eabi/5.4.1/../../../../arm-none-eabi/lib/armv7-m/crt0.o
 .bss           0x00000000        0x0 c:/program files (x86)/cypress/psoc creator/4.2/psoc creator/import/gnu/arm/5.4.1/bin/../lib/gcc/arm-none-eabi/5.4.1/../../../../arm-none-eabi/lib/armv7-m/crt0.o
 .ARM.extab     0x00000000        0x0 c:/program files (x86)/cypress/psoc creator/4.2/psoc creator/import/gnu/arm/5.4.1/bin/../lib/gcc/arm-none-eabi/5.4.1/../../../../arm-none-eabi/lib/armv7-m/crt0.o
 .ARM.exidx     0x00000000        0x8 c:/program files (x86)/cypress/psoc creator/4.2/psoc creator/import/gnu/arm/5.4.1/bin/../lib/gcc/arm-none-eabi/5.4.1/../../../../arm-none-eabi/lib/armv7-m/crt0.o
 .text          0x00000000        0x0 .\CortexM3\ARM_GCC_541\Debug\main.o
 .data          0x00000000        0x0 .\CortexM3\ARM_GCC_541\Debug\main.o
 .text          0x00000000        0x0 .\CortexM3\ARM_GCC_541\Debug\cyfitter_cfg.o
 .data          0x00000000        0x0 .\CortexM3\ARM_GCC_541\Debug\cyfitter_cfg.o
 .bss           0x00000000        0x0 .\CortexM3\ARM_GCC_541\Debug\cyfitter_cfg.o
 .text.SetAnalogRoutingPumps
                0x00000000       0x1c .\CortexM3\ARM_GCC_541\Debug\cyfitter_cfg.o
 .text          0x00000000        0x0 .\CortexM3\ARM_GCC_541\Debug\cymetadata.o
 .data          0x00000000        0x0 .\CortexM3\ARM_GCC_541\Debug\cymetadata.o
 .bss           0x00000000        0x0 .\CortexM3\ARM_GCC_541\Debug\cymetadata.o
 .text          0x00000000        0x0 .\CortexM3\ARM_GCC_541\Debug\Cm3Start.o
 .data          0x00000000        0x4 .\CortexM3\ARM_GCC_541\Debug\Cm3Start.o
 .bss           0x00000000        0x0 .\CortexM3\ARM_GCC_541\Debug\Cm3Start.o
 .text._exit    0x00000000        0xc .\CortexM3\ARM_GCC_541\Debug\Cm3Start.o
 .text._sbrk    0x00000000       0x30 .\CortexM3\ARM_GCC_541\Debug\Cm3Start.o
 .text          0x00000000        0x0 .\CortexM3\ARM_GCC_541\Debug\RAMA1.a(LCD.o)
 .data          0x00000000        0x0 .\CortexM3\ARM_GCC_541\Debug\RAMA1.a(LCD.o)
 .text.LCD_Stop
                0x00000000       0x14 .\CortexM3\ARM_GCC_541\Debug\RAMA1.a(LCD.o)
 .text.LCD_PrintInt8
                0x00000000       0x20 .\CortexM3\ARM_GCC_541\Debug\RAMA1.a(LCD.o)
 .text.LCD_PrintInt16
                0x00000000       0x14 .\CortexM3\ARM_GCC_541\Debug\RAMA1.a(LCD.o)
 .text.LCD_PrintInt32
                0x00000000       0x1c .\CortexM3\ARM_GCC_541\Debug\RAMA1.a(LCD.o)
 .rodata        0x00000000       0x10 .\CortexM3\ARM_GCC_541\Debug\RAMA1.a(LCD.o)
 .text          0x00000000        0x0 .\CortexM3\ARM_GCC_541\Debug\RAMA1.a(LCD_CustChars.o)
 .data          0x00000000        0x0 .\CortexM3\ARM_GCC_541\Debug\RAMA1.a(LCD_CustChars.o)
 .bss           0x00000000        0x0 .\CortexM3\ARM_GCC_541\Debug\RAMA1.a(LCD_CustChars.o)
 .text          0x00000000        0x0 .\CortexM3\ARM_GCC_541\Debug\RAMA1.a(CyLib.o)
 .bss           0x00000000       0x1c .\CortexM3\ARM_GCC_541\Debug\RAMA1.a(CyLib.o)
 .text.CyUSB_PowerOnCheck
                0x00000000       0x48 .\CortexM3\ARM_GCC_541\Debug\RAMA1.a(CyLib.o)
 .text.CyBusClk_Internal_SetDivider
                0x00000000       0x48 .\CortexM3\ARM_GCC_541\Debug\RAMA1.a(CyLib.o)
 .text.CyPLL_OUT_Stop
                0x00000000       0x10 .\CortexM3\ARM_GCC_541\Debug\RAMA1.a(CyLib.o)
 .text.CyIMO_Stop
                0x00000000       0x1c .\CortexM3\ARM_GCC_541\Debug\RAMA1.a(CyLib.o)
 .text.CyIMO_EnableDoubler
                0x00000000       0x10 .\CortexM3\ARM_GCC_541\Debug\RAMA1.a(CyLib.o)
 .text.CyIMO_DisableDoubler
                0x00000000       0x10 .\CortexM3\ARM_GCC_541\Debug\RAMA1.a(CyLib.o)
 .text.CyMasterClk_SetSource
                0x00000000       0x18 .\CortexM3\ARM_GCC_541\Debug\RAMA1.a(CyLib.o)
 .text.CyMasterClk_SetDivider
                0x00000000        0xc .\CortexM3\ARM_GCC_541\Debug\RAMA1.a(CyLib.o)
 .text.CyBusClk_SetDivider
                0x00000000       0x70 .\CortexM3\ARM_GCC_541\Debug\RAMA1.a(CyLib.o)
 .text.CyUsbClk_SetSource
                0x00000000       0x18 .\CortexM3\ARM_GCC_541\Debug\RAMA1.a(CyLib.o)
 .text.CyILO_Start1K
                0x00000000       0x10 .\CortexM3\ARM_GCC_541\Debug\RAMA1.a(CyLib.o)
 .text.CyILO_Stop1K
                0x00000000       0x10 .\CortexM3\ARM_GCC_541\Debug\RAMA1.a(CyLib.o)
 .text.CyILO_Start100K
                0x00000000       0x10 .\CortexM3\ARM_GCC_541\Debug\RAMA1.a(CyLib.o)
 .text.CyILO_Stop100K
                0x00000000       0x10 .\CortexM3\ARM_GCC_541\Debug\RAMA1.a(CyLib.o)
 .text.CyPLL_OUT_Start
                0x00000000       0x78 .\CortexM3\ARM_GCC_541\Debug\RAMA1.a(CyLib.o)
 .text.CyIMO_Start
                0x00000000       0x60 .\CortexM3\ARM_GCC_541\Debug\RAMA1.a(CyLib.o)
 .text.CyILO_Enable33K
                0x00000000       0x10 .\CortexM3\ARM_GCC_541\Debug\RAMA1.a(CyLib.o)
 .text.CyILO_Disable33K
                0x00000000       0x10 .\CortexM3\ARM_GCC_541\Debug\RAMA1.a(CyLib.o)
 .text.CyILO_SetSource
                0x00000000       0x18 .\CortexM3\ARM_GCC_541\Debug\RAMA1.a(CyLib.o)
 .text.CyILO_SetPowerMode
                0x00000000       0x24 .\CortexM3\ARM_GCC_541\Debug\RAMA1.a(CyLib.o)
 .text.CyXTAL_32KHZ_Stop
                0x00000000       0x30 .\CortexM3\ARM_GCC_541\Debug\RAMA1.a(CyLib.o)
 .text.CyXTAL_32KHZ_ReadStatus
                0x00000000       0x10 .\CortexM3\ARM_GCC_541\Debug\RAMA1.a(CyLib.o)
 .text.CyXTAL_Start
                0x00000000       0xac .\CortexM3\ARM_GCC_541\Debug\RAMA1.a(CyLib.o)
 .text.CyXTAL_Stop
                0x00000000       0x10 .\CortexM3\ARM_GCC_541\Debug\RAMA1.a(CyLib.o)
 .text.CyXTAL_EnableErrStatus
                0x00000000       0x10 .\CortexM3\ARM_GCC_541\Debug\RAMA1.a(CyLib.o)
 .text.CyXTAL_DisableErrStatus
                0x00000000       0x10 .\CortexM3\ARM_GCC_541\Debug\RAMA1.a(CyLib.o)
 .text.CyXTAL_ReadStatus
                0x00000000       0x18 .\CortexM3\ARM_GCC_541\Debug\RAMA1.a(CyLib.o)
 .text.CyXTAL_EnableFaultRecovery
                0x00000000       0x10 .\CortexM3\ARM_GCC_541\Debug\RAMA1.a(CyLib.o)
 .text.CyXTAL_DisableFaultRecovery
                0x00000000       0x10 .\CortexM3\ARM_GCC_541\Debug\RAMA1.a(CyLib.o)
 .text.CyXTAL_SetStartup
                0x00000000       0x18 .\CortexM3\ARM_GCC_541\Debug\RAMA1.a(CyLib.o)
 .text.CyXTAL_SetFbVoltage
                0x00000000       0x18 .\CortexM3\ARM_GCC_541\Debug\RAMA1.a(CyLib.o)
 .text.CyXTAL_SetWdVoltage
                0x00000000       0x18 .\CortexM3\ARM_GCC_541\Debug\RAMA1.a(CyLib.o)
 .text.CyPLL_OUT_SetPQ
                0x00000000       0x60 .\CortexM3\ARM_GCC_541\Debug\RAMA1.a(CyLib.o)
 .text.CyPLL_OUT_SetSource
                0x00000000       0x34 .\CortexM3\ARM_GCC_541\Debug\RAMA1.a(CyLib.o)
 .text.CyIMO_SetTrimValue
                0x00000000       0xcc .\CortexM3\ARM_GCC_541\Debug\RAMA1.a(CyLib.o)
 .text.CyIMO_SetFreq
                0x00000000       0xf4 .\CortexM3\ARM_GCC_541\Debug\RAMA1.a(CyLib.o)
 .text.CyIMO_SetSource
                0x00000000       0x58 .\CortexM3\ARM_GCC_541\Debug\RAMA1.a(CyLib.o)
 .text.CySoftwareReset
                0x00000000       0x10 .\CortexM3\ARM_GCC_541\Debug\RAMA1.a(CyLib.o)
 .text.CyXTAL_32KHZ_SetPowerMode
                0x00000000       0x84 .\CortexM3\ARM_GCC_541\Debug\RAMA1.a(CyLib.o)
 .text.CyXTAL_32KHZ_Start
                0x00000000       0x74 .\CortexM3\ARM_GCC_541\Debug\RAMA1.a(CyLib.o)
 .text.CyDelayFreq
                0x00000000       0x4c .\CortexM3\ARM_GCC_541\Debug\RAMA1.a(CyLib.o)
 .text.CyWdtStart
                0x00000000       0x40 .\CortexM3\ARM_GCC_541\Debug\RAMA1.a(CyLib.o)
 .text.CyWdtClear
                0x00000000        0xc .\CortexM3\ARM_GCC_541\Debug\RAMA1.a(CyLib.o)
 .text.CyVdStickyStatus
                0x00000000       0x2c .\CortexM3\ARM_GCC_541\Debug\RAMA1.a(CyLib.o)
 .text.CyVdLvDigitEnable
                0x00000000       0x84 .\CortexM3\ARM_GCC_541\Debug\RAMA1.a(CyLib.o)
 .text.CyVdLvAnalogEnable
                0x00000000       0x80 .\CortexM3\ARM_GCC_541\Debug\RAMA1.a(CyLib.o)
 .text.CyVdLvDigitDisable
                0x00000000       0x30 .\CortexM3\ARM_GCC_541\Debug\RAMA1.a(CyLib.o)
 .text.CyVdLvAnalogDisable
                0x00000000       0x28 .\CortexM3\ARM_GCC_541\Debug\RAMA1.a(CyLib.o)
 .text.CyVdHvAnalogEnable
                0x00000000       0x54 .\CortexM3\ARM_GCC_541\Debug\RAMA1.a(CyLib.o)
 .text.CyVdHvAnalogDisable
                0x00000000       0x20 .\CortexM3\ARM_GCC_541\Debug\RAMA1.a(CyLib.o)
 .text.CyVdRealTimeStatus
                0x00000000       0x1c .\CortexM3\ARM_GCC_541\Debug\RAMA1.a(CyLib.o)
 .text.CyDisableInts
                0x00000000       0x1c .\CortexM3\ARM_GCC_541\Debug\RAMA1.a(CyLib.o)
 .text.CyEnableInts
                0x00000000       0x18 .\CortexM3\ARM_GCC_541\Debug\RAMA1.a(CyLib.o)
 .text.CyFlushCache
                0x00000000       0x44 .\CortexM3\ARM_GCC_541\Debug\RAMA1.a(CyLib.o)
 .text.CyIntSetSysVector
                0x00000000       0x28 .\CortexM3\ARM_GCC_541\Debug\RAMA1.a(CyLib.o)
 .text.CyIntGetSysVector
                0x00000000       0x20 .\CortexM3\ARM_GCC_541\Debug\RAMA1.a(CyLib.o)
 .text.CyIntGetVector
                0x00000000       0x24 .\CortexM3\ARM_GCC_541\Debug\RAMA1.a(CyLib.o)
 .text.CyIntGetPriority
                0x00000000       0x20 .\CortexM3\ARM_GCC_541\Debug\RAMA1.a(CyLib.o)
 .text.CyIntGetState
                0x00000000       0x24 .\CortexM3\ARM_GCC_541\Debug\RAMA1.a(CyLib.o)
 .text.CySysTickStop
                0x00000000       0x10 .\CortexM3\ARM_GCC_541\Debug\RAMA1.a(CyLib.o)
 .text.CySysTickEnableInterrupt
                0x00000000       0x10 .\CortexM3\ARM_GCC_541\Debug\RAMA1.a(CyLib.o)
 .text.CySysTickEnable
                0x00000000       0x18 .\CortexM3\ARM_GCC_541\Debug\RAMA1.a(CyLib.o)
 .text.CySysTickDisableInterrupt
                0x00000000       0x10 .\CortexM3\ARM_GCC_541\Debug\RAMA1.a(CyLib.o)
 .text.CySysTickSetReload
                0x00000000       0x10 .\CortexM3\ARM_GCC_541\Debug\RAMA1.a(CyLib.o)
 .text.CySysTickGetReload
                0x00000000       0x10 .\CortexM3\ARM_GCC_541\Debug\RAMA1.a(CyLib.o)
 .text.CySysTickGetValue
                0x00000000       0x10 .\CortexM3\ARM_GCC_541\Debug\RAMA1.a(CyLib.o)
 .text.CySysTickSetClockSource
                0x00000000       0x20 .\CortexM3\ARM_GCC_541\Debug\RAMA1.a(CyLib.o)
 .text.CySysTickGetClockSource
                0x00000000       0x10 .\CortexM3\ARM_GCC_541\Debug\RAMA1.a(CyLib.o)
 .text.CySysTickGetCountFlag
                0x00000000       0x10 .\CortexM3\ARM_GCC_541\Debug\RAMA1.a(CyLib.o)
 .text.CySysTickServiceCallbacks
                0x00000000       0x28 .\CortexM3\ARM_GCC_541\Debug\RAMA1.a(CyLib.o)
 .text.CySysTickClear
                0x00000000        0xc .\CortexM3\ARM_GCC_541\Debug\RAMA1.a(CyLib.o)
 .text.CySysTickInit
                0x00000000       0x58 .\CortexM3\ARM_GCC_541\Debug\RAMA1.a(CyLib.o)
 .text.CySysTickStart
                0x00000000       0x1c .\CortexM3\ARM_GCC_541\Debug\RAMA1.a(CyLib.o)
 .text.CySysTickSetCallback
                0x00000000       0x10 .\CortexM3\ARM_GCC_541\Debug\RAMA1.a(CyLib.o)
 .text.CySysTickGetCallback
                0x00000000       0x10 .\CortexM3\ARM_GCC_541\Debug\RAMA1.a(CyLib.o)
 .text.CyGetUniqueId
                0x00000000       0x70 .\CortexM3\ARM_GCC_541\Debug\RAMA1.a(CyLib.o)
 .text          0x00000000        0x0 .\CortexM3\ARM_GCC_541\Debug\RAMA1.a(cyPm.o)
 .data          0x00000000        0x0 .\CortexM3\ARM_GCC_541\Debug\RAMA1.a(cyPm.o)
 .bss           0x00000000       0x43 .\CortexM3\ARM_GCC_541\Debug\RAMA1.a(cyPm.o)
 .text.CyPmHibSlpSaveSet
                0x00000000      0x1dc .\CortexM3\ARM_GCC_541\Debug\RAMA1.a(cyPm.o)
 .text.CyPmHibSlpRestore
                0x00000000       0xd8 .\CortexM3\ARM_GCC_541\Debug\RAMA1.a(cyPm.o)
 .text.CyPmHviLviSaveDisable
                0x00000000       0xa0 .\CortexM3\ARM_GCC_541\Debug\RAMA1.a(cyPm.o)
 .text.CyPmHibSaveSet
                0x00000000       0x98 .\CortexM3\ARM_GCC_541\Debug\RAMA1.a(cyPm.o)
 .text.CyPmHviLviRestore
                0x00000000       0x48 .\CortexM3\ARM_GCC_541\Debug\RAMA1.a(cyPm.o)
 .text.CyPmHibRestore
                0x00000000       0x60 .\CortexM3\ARM_GCC_541\Debug\RAMA1.a(cyPm.o)
 .text.CyPmSaveClocks
                0x00000000      0x218 .\CortexM3\ARM_GCC_541\Debug\RAMA1.a(cyPm.o)
 .text.CyPmRestoreClocks
                0x00000000      0x24c .\CortexM3\ARM_GCC_541\Debug\RAMA1.a(cyPm.o)
 .text.CyPmAltAct
                0x00000000       0x6c .\CortexM3\ARM_GCC_541\Debug\RAMA1.a(cyPm.o)
 .text.CyPmSleep
                0x00000000       0xf4 .\CortexM3\ARM_GCC_541\Debug\RAMA1.a(cyPm.o)
 .text.CyPmHibernateEx
                0x00000000       0xf4 .\CortexM3\ARM_GCC_541\Debug\RAMA1.a(cyPm.o)
 .text.CyPmHibernate
                0x00000000        0xc .\CortexM3\ARM_GCC_541\Debug\RAMA1.a(cyPm.o)
 .text.CyPmReadStatus
                0x00000000       0x30 .\CortexM3\ARM_GCC_541\Debug\RAMA1.a(cyPm.o)
 .text.CyPmCtwSetInterval
                0x00000000       0x5c .\CortexM3\ARM_GCC_541\Debug\RAMA1.a(cyPm.o)
 .text.CyPmOppsSet
                0x00000000       0x2c .\CortexM3\ARM_GCC_541\Debug\RAMA1.a(cyPm.o)
 .text.CyPmFtwSetInterval
                0x00000000       0x5c .\CortexM3\ARM_GCC_541\Debug\RAMA1.a(cyPm.o)
 .rodata        0x00000000        0xf .\CortexM3\ARM_GCC_541\Debug\RAMA1.a(cyPm.o)
 .text          0x00000000        0x0 .\CortexM3\ARM_GCC_541\Debug\RAMA1.a(SWI.o)
 .data          0x00000000        0x0 .\CortexM3\ARM_GCC_541\Debug\RAMA1.a(SWI.o)
 .bss           0x00000000        0x0 .\CortexM3\ARM_GCC_541\Debug\RAMA1.a(SWI.o)
 .text.SWI_Write
                0x00000000       0x18 .\CortexM3\ARM_GCC_541\Debug\RAMA1.a(SWI.o)
 .text.SWI_SetDriveMode
                0x00000000       0x30 .\CortexM3\ARM_GCC_541\Debug\RAMA1.a(SWI.o)
 .text.SWI_ReadDataReg
                0x00000000       0x10 .\CortexM3\ARM_GCC_541\Debug\RAMA1.a(SWI.o)
 .text.SWI_SetInterruptMode
                0x00000000       0x38 .\CortexM3\ARM_GCC_541\Debug\RAMA1.a(SWI.o)
 .text          0x00000000        0x0 .\CortexM3\ARM_GCC_541\Debug\RAMA1.a(IRQ_SW.o)
 .data          0x00000000        0x0 .\CortexM3\ARM_GCC_541\Debug\RAMA1.a(IRQ_SW.o)
 .bss           0x00000000        0x0 .\CortexM3\ARM_GCC_541\Debug\RAMA1.a(IRQ_SW.o)
 .text.IRQ_SW_Interrupt
                0x00000000        0x4 .\CortexM3\ARM_GCC_541\Debug\RAMA1.a(IRQ_SW.o)
 .text.IRQ_SW_GetVector
                0x00000000        0xc .\CortexM3\ARM_GCC_541\Debug\RAMA1.a(IRQ_SW.o)
 .text.IRQ_SW_GetPriority
                0x00000000        0xc .\CortexM3\ARM_GCC_541\Debug\RAMA1.a(IRQ_SW.o)
 .text.IRQ_SW_GetState
                0x00000000       0x18 .\CortexM3\ARM_GCC_541\Debug\RAMA1.a(IRQ_SW.o)
 .text.IRQ_SW_Start
                0x00000000       0x1c .\CortexM3\ARM_GCC_541\Debug\RAMA1.a(IRQ_SW.o)
 .text.IRQ_SW_Stop
                0x00000000       0x14 .\CortexM3\ARM_GCC_541\Debug\RAMA1.a(IRQ_SW.o)
 .text.IRQ_SW_SetPending
                0x00000000        0xc .\CortexM3\ARM_GCC_541\Debug\RAMA1.a(IRQ_SW.o)
 .text.IRQ_SW_ClearPending
                0x00000000        0xc .\CortexM3\ARM_GCC_541\Debug\RAMA1.a(IRQ_SW.o)
 .text          0x00000000        0x0 .\CortexM3\ARM_GCC_541\Debug\RAMA1.a(ADC.o)
 .data          0x00000000        0x0 .\CortexM3\ARM_GCC_541\Debug\RAMA1.a(ADC.o)
 .text.ADC_Stop
                0x00000000       0x48 .\CortexM3\ARM_GCC_541\Debug\RAMA1.a(ADC.o)
 .text.ADC_SetPower
                0x00000000       0x18 .\CortexM3\ARM_GCC_541\Debug\RAMA1.a(ADC.o)
 .text.ADC_StopConvert
                0x00000000       0x10 .\CortexM3\ARM_GCC_541\Debug\RAMA1.a(ADC.o)
 .text.ADC_GetResult8
                0x00000000       0x18 .\CortexM3\ARM_GCC_541\Debug\RAMA1.a(ADC.o)
 .text.ADC_SetOffset
                0x00000000        0xc .\CortexM3\ARM_GCC_541\Debug\RAMA1.a(ADC.o)
 .text.ADC_SetGain
                0x00000000       0x10 .\CortexM3\ARM_GCC_541\Debug\RAMA1.a(ADC.o)
 .text.ADC_SetScaledGain
                0x00000000        0xc .\CortexM3\ARM_GCC_541\Debug\RAMA1.a(ADC.o)
 .text.ADC_CountsTo_mVolts
                0x00000000       0x58 .\CortexM3\ARM_GCC_541\Debug\RAMA1.a(ADC.o)
 .text.ADC_CountsTo_uVolts
                0x00000000       0x48 .\CortexM3\ARM_GCC_541\Debug\RAMA1.a(ADC.o)
 .text.ADC_CountsTo_Volts
                0x00000000       0x50 .\CortexM3\ARM_GCC_541\Debug\RAMA1.a(ADC.o)
 .text          0x00000000        0x0 .\CortexM3\ARM_GCC_541\Debug\RAMA1.a(ADC_INT.o)
 .data          0x00000000        0x0 .\CortexM3\ARM_GCC_541\Debug\RAMA1.a(ADC_INT.o)
 .bss           0x00000000        0x0 .\CortexM3\ARM_GCC_541\Debug\RAMA1.a(ADC_INT.o)
 .text          0x00000000        0x0 .\CortexM3\ARM_GCC_541\Debug\RAMA1.a(ADC_theACLK.o)
 .data          0x00000000        0x0 .\CortexM3\ARM_GCC_541\Debug\RAMA1.a(ADC_theACLK.o)
 .bss           0x00000000        0x0 .\CortexM3\ARM_GCC_541\Debug\RAMA1.a(ADC_theACLK.o)
 .text.ADC_theACLK_Start
                0x00000000       0x1c .\CortexM3\ARM_GCC_541\Debug\RAMA1.a(ADC_theACLK.o)
 .text.ADC_theACLK_Stop
                0x00000000       0x1c .\CortexM3\ARM_GCC_541\Debug\RAMA1.a(ADC_theACLK.o)
 .text.ADC_theACLK_StopBlock
                0x00000000       0x6c .\CortexM3\ARM_GCC_541\Debug\RAMA1.a(ADC_theACLK.o)
 .text.ADC_theACLK_StandbyPower
                0x00000000       0x20 .\CortexM3\ARM_GCC_541\Debug\RAMA1.a(ADC_theACLK.o)
 .text.ADC_theACLK_GetDividerRegister
                0x00000000        0xc .\CortexM3\ARM_GCC_541\Debug\RAMA1.a(ADC_theACLK.o)
 .text.ADC_theACLK_ClearModeRegister
                0x00000000       0x18 .\CortexM3\ARM_GCC_541\Debug\RAMA1.a(ADC_theACLK.o)
 .text.ADC_theACLK_GetModeRegister
                0x00000000       0x10 .\CortexM3\ARM_GCC_541\Debug\RAMA1.a(ADC_theACLK.o)
 .text.ADC_theACLK_GetSourceRegister
                0x00000000       0x10 .\CortexM3\ARM_GCC_541\Debug\RAMA1.a(ADC_theACLK.o)
 .text.ADC_theACLK_SetDividerRegister
                0x00000000       0xd8 .\CortexM3\ARM_GCC_541\Debug\RAMA1.a(ADC_theACLK.o)
 .text.ADC_theACLK_SetSourceRegister
                0x00000000       0x5c .\CortexM3\ARM_GCC_541\Debug\RAMA1.a(ADC_theACLK.o)
 .text.ADC_theACLK_SetPhaseRegister
                0x00000000       0x10 .\CortexM3\ARM_GCC_541\Debug\RAMA1.a(ADC_theACLK.o)
 .text.ADC_theACLK_GetPhaseRegister
                0x00000000       0x10 .\CortexM3\ARM_GCC_541\Debug\RAMA1.a(ADC_theACLK.o)
 .data          0x00000000        0x0 .\CortexM3\ARM_GCC_541\Debug\RAMA1.a(CyBootAsmGnu.o)
 .bss           0x00000000        0x0 .\CortexM3\ARM_GCC_541\Debug\RAMA1.a(CyBootAsmGnu.o)
 .text          0x00000000        0x0 .\CortexM3\ARM_GCC_541\Debug\RAMA1.a(CyFlash.o)
 .data          0x00000000        0x0 .\CortexM3\ARM_GCC_541\Debug\RAMA1.a(CyFlash.o)
 .bss           0x00000000        0x0 .\CortexM3\ARM_GCC_541\Debug\RAMA1.a(CyFlash.o)
 .text.CySetTempInt
                0x00000000       0x60 .\CortexM3\ARM_GCC_541\Debug\RAMA1.a(CyFlash.o)
 .text.CyFlash_Start
                0x00000000       0x54 .\CortexM3\ARM_GCC_541\Debug\RAMA1.a(CyFlash.o)
 .text.CyFlash_Stop
                0x00000000       0x24 .\CortexM3\ARM_GCC_541\Debug\RAMA1.a(CyFlash.o)
 .text.CyFlash_EraseRow
                0x00000000       0x78 .\CortexM3\ARM_GCC_541\Debug\RAMA1.a(CyFlash.o)
 .text.CyFlashGetSpcAlgorithm
                0x00000000       0x4c .\CortexM3\ARM_GCC_541\Debug\RAMA1.a(CyFlash.o)
 .text.CySetTemp
                0x00000000       0x14 .\CortexM3\ARM_GCC_541\Debug\RAMA1.a(CyFlash.o)
 .text.CySetFlashEEBuffer
                0x00000000       0x20 .\CortexM3\ARM_GCC_541\Debug\RAMA1.a(CyFlash.o)
 .text.CyWriteRowFull
                0x00000000       0xf8 .\CortexM3\ARM_GCC_541\Debug\RAMA1.a(CyFlash.o)
 .text.CyWriteRowData
                0x00000000       0x14 .\CortexM3\ARM_GCC_541\Debug\RAMA1.a(CyFlash.o)
 .text.CyFlash_SetWaitCycles
                0x00000000       0x7c .\CortexM3\ARM_GCC_541\Debug\RAMA1.a(CyFlash.o)
 .text.CyEEPROM_Start
                0x00000000       0x54 .\CortexM3\ARM_GCC_541\Debug\RAMA1.a(CyFlash.o)
 .text.CyEEPROM_Stop
                0x00000000       0x24 .\CortexM3\ARM_GCC_541\Debug\RAMA1.a(CyFlash.o)
 .text.CyEEPROM_ReadReserve
                0x00000000       0x1c .\CortexM3\ARM_GCC_541\Debug\RAMA1.a(CyFlash.o)
 .text.CyEEPROM_ReadRelease
                0x00000000       0x10 .\CortexM3\ARM_GCC_541\Debug\RAMA1.a(CyFlash.o)
 COMMON         0x00000000        0x2 .\CortexM3\ARM_GCC_541\Debug\RAMA1.a(CyFlash.o)
 .text          0x00000000        0x0 .\CortexM3\ARM_GCC_541\Debug\RAMA1.a(CySpc.o)
 .data          0x00000000        0x0 .\CortexM3\ARM_GCC_541\Debug\RAMA1.a(CySpc.o)
 .bss           0x00000000        0x8 .\CortexM3\ARM_GCC_541\Debug\RAMA1.a(CySpc.o)
 .text.CySpcStart
                0x00000000       0x24 .\CortexM3\ARM_GCC_541\Debug\RAMA1.a(CySpc.o)
 .text.CySpcStop
                0x00000000       0x24 .\CortexM3\ARM_GCC_541\Debug\RAMA1.a(CySpc.o)
 .text.CySpcReadData
                0x00000000       0x34 .\CortexM3\ARM_GCC_541\Debug\RAMA1.a(CySpc.o)
 .text.CySpcLoadMultiByte
                0x00000000       0x78 .\CortexM3\ARM_GCC_541\Debug\RAMA1.a(CySpc.o)
 .text.CySpcLoadRow
                0x00000000       0x50 .\CortexM3\ARM_GCC_541\Debug\RAMA1.a(CySpc.o)
 .text.CySpcLoadRowFull
                0x00000000       0x80 .\CortexM3\ARM_GCC_541\Debug\RAMA1.a(CySpc.o)
 .text.CySpcWriteRow
                0x00000000       0x4c .\CortexM3\ARM_GCC_541\Debug\RAMA1.a(CySpc.o)
 .text.CySpcEraseSector
                0x00000000       0x3c .\CortexM3\ARM_GCC_541\Debug\RAMA1.a(CySpc.o)
 .text.CySpcEraseRow
                0x00000000       0x4c .\CortexM3\ARM_GCC_541\Debug\RAMA1.a(CySpc.o)
 .text.CySpcGetTemp
                0x00000000       0x3c .\CortexM3\ARM_GCC_541\Debug\RAMA1.a(CySpc.o)
 .text.CySpcLock
                0x00000000       0x4c .\CortexM3\ARM_GCC_541\Debug\RAMA1.a(CySpc.o)
 .text.CySpcUnlock
                0x00000000       0x38 .\CortexM3\ARM_GCC_541\Debug\RAMA1.a(CySpc.o)
 .text.CySpcGetAlgorithm
                0x00000000       0x28 .\CortexM3\ARM_GCC_541\Debug\RAMA1.a(CySpc.o)
 .text          0x00000000      0x21c c:/program files (x86)/cypress/psoc creator/4.2/psoc creator/import/gnu/arm/5.4.1/bin/../lib/gcc/arm-none-eabi/5.4.1/armv7-m\libgcc.a(_arm_addsubsf3.o)
 .data          0x00000000        0x0 c:/program files (x86)/cypress/psoc creator/4.2/psoc creator/import/gnu/arm/5.4.1/bin/../lib/gcc/arm-none-eabi/5.4.1/armv7-m\libgcc.a(_arm_addsubsf3.o)
 .bss           0x00000000        0x0 c:/program files (x86)/cypress/psoc creator/4.2/psoc creator/import/gnu/arm/5.4.1/bin/../lib/gcc/arm-none-eabi/5.4.1/armv7-m\libgcc.a(_arm_addsubsf3.o)
 .text          0x00000000      0x2a0 c:/program files (x86)/cypress/psoc creator/4.2/psoc creator/import/gnu/arm/5.4.1/bin/../lib/gcc/arm-none-eabi/5.4.1/armv7-m\libgcc.a(_arm_muldivsf3.o)
 .data          0x00000000        0x0 c:/program files (x86)/cypress/psoc creator/4.2/psoc creator/import/gnu/arm/5.4.1/bin/../lib/gcc/arm-none-eabi/5.4.1/armv7-m\libgcc.a(_arm_muldivsf3.o)
 .bss           0x00000000        0x0 c:/program files (x86)/cypress/psoc creator/4.2/psoc creator/import/gnu/arm/5.4.1/bin/../lib/gcc/arm-none-eabi/5.4.1/armv7-m\libgcc.a(_arm_muldivsf3.o)
 .text          0x00000000       0xa0 c:/program files (x86)/cypress/psoc creator/4.2/psoc creator/import/gnu/arm/5.4.1/bin/../lib/gcc/arm-none-eabi/5.4.1/armv7-m\libgcc.a(_aeabi_ldivmod.o)
 .data          0x00000000        0x0 c:/program files (x86)/cypress/psoc creator/4.2/psoc creator/import/gnu/arm/5.4.1/bin/../lib/gcc/arm-none-eabi/5.4.1/armv7-m\libgcc.a(_aeabi_ldivmod.o)
 .bss           0x00000000        0x0 c:/program files (x86)/cypress/psoc creator/4.2/psoc creator/import/gnu/arm/5.4.1/bin/../lib/gcc/arm-none-eabi/5.4.1/armv7-m\libgcc.a(_aeabi_ldivmod.o)
 .text          0x00000000      0x2ec c:/program files (x86)/cypress/psoc creator/4.2/psoc creator/import/gnu/arm/5.4.1/bin/../lib/gcc/arm-none-eabi/5.4.1/armv7-m\libgcc.a(_udivmoddi4.o)
 .data          0x00000000        0x0 c:/program files (x86)/cypress/psoc creator/4.2/psoc creator/import/gnu/arm/5.4.1/bin/../lib/gcc/arm-none-eabi/5.4.1/armv7-m\libgcc.a(_udivmoddi4.o)
 .bss           0x00000000        0x0 c:/program files (x86)/cypress/psoc creator/4.2/psoc creator/import/gnu/arm/5.4.1/bin/../lib/gcc/arm-none-eabi/5.4.1/armv7-m\libgcc.a(_udivmoddi4.o)
 .ARM.extab     0x00000000        0x0 c:/program files (x86)/cypress/psoc creator/4.2/psoc creator/import/gnu/arm/5.4.1/bin/../lib/gcc/arm-none-eabi/5.4.1/armv7-m\libgcc.a(_udivmoddi4.o)
 .ARM.exidx     0x00000000        0x8 c:/program files (x86)/cypress/psoc creator/4.2/psoc creator/import/gnu/arm/5.4.1/bin/../lib/gcc/arm-none-eabi/5.4.1/armv7-m\libgcc.a(_udivmoddi4.o)
 .text          0x00000000        0x4 c:/program files (x86)/cypress/psoc creator/4.2/psoc creator/import/gnu/arm/5.4.1/bin/../lib/gcc/arm-none-eabi/5.4.1/armv7-m\libgcc.a(_dvmd_tls.o)
 .data          0x00000000        0x0 c:/program files (x86)/cypress/psoc creator/4.2/psoc creator/import/gnu/arm/5.4.1/bin/../lib/gcc/arm-none-eabi/5.4.1/armv7-m\libgcc.a(_dvmd_tls.o)
 .bss           0x00000000        0x0 c:/program files (x86)/cypress/psoc creator/4.2/psoc creator/import/gnu/arm/5.4.1/bin/../lib/gcc/arm-none-eabi/5.4.1/armv7-m\libgcc.a(_dvmd_tls.o)
 .text          0x00000000        0x0 c:/program files (x86)/cypress/psoc creator/4.2/psoc creator/import/gnu/arm/5.4.1/bin/../lib/gcc/arm-none-eabi/5.4.1/../../../../arm-none-eabi/lib/armv7-m\libg_nano.a(lib_a-errno.o)
 .data          0x00000000        0x0 c:/program files (x86)/cypress/psoc creator/4.2/psoc creator/import/gnu/arm/5.4.1/bin/../lib/gcc/arm-none-eabi/5.4.1/../../../../arm-none-eabi/lib/armv7-m\libg_nano.a(lib_a-errno.o)
 .bss           0x00000000        0x0 c:/program files (x86)/cypress/psoc creator/4.2/psoc creator/import/gnu/arm/5.4.1/bin/../lib/gcc/arm-none-eabi/5.4.1/../../../../arm-none-eabi/lib/armv7-m\libg_nano.a(lib_a-errno.o)
 .text          0x00000000        0x0 c:/program files (x86)/cypress/psoc creator/4.2/psoc creator/import/gnu/arm/5.4.1/bin/../lib/gcc/arm-none-eabi/5.4.1/../../../../arm-none-eabi/lib/armv7-m\libg_nano.a(lib_a-exit.o)
 .data          0x00000000        0x0 c:/program files (x86)/cypress/psoc creator/4.2/psoc creator/import/gnu/arm/5.4.1/bin/../lib/gcc/arm-none-eabi/5.4.1/../../../../arm-none-eabi/lib/armv7-m\libg_nano.a(lib_a-exit.o)
 .bss           0x00000000        0x0 c:/program files (x86)/cypress/psoc creator/4.2/psoc creator/import/gnu/arm/5.4.1/bin/../lib/gcc/arm-none-eabi/5.4.1/../../../../arm-none-eabi/lib/armv7-m\libg_nano.a(lib_a-exit.o)
 .text.exit     0x00000000       0x28 c:/program files (x86)/cypress/psoc creator/4.2/psoc creator/import/gnu/arm/5.4.1/bin/../lib/gcc/arm-none-eabi/5.4.1/../../../../arm-none-eabi/lib/armv7-m\libg_nano.a(lib_a-exit.o)
 .text          0x00000000        0x0 c:/program files (x86)/cypress/psoc creator/4.2/psoc creator/import/gnu/arm/5.4.1/bin/../lib/gcc/arm-none-eabi/5.4.1/../../../../arm-none-eabi/lib/armv7-m\libg_nano.a(lib_a-impure.o)
 .data          0x00000000        0x0 c:/program files (x86)/cypress/psoc creator/4.2/psoc creator/import/gnu/arm/5.4.1/bin/../lib/gcc/arm-none-eabi/5.4.1/../../../../arm-none-eabi/lib/armv7-m\libg_nano.a(lib_a-impure.o)
 .bss           0x00000000        0x0 c:/program files (x86)/cypress/psoc creator/4.2/psoc creator/import/gnu/arm/5.4.1/bin/../lib/gcc/arm-none-eabi/5.4.1/../../../../arm-none-eabi/lib/armv7-m\libg_nano.a(lib_a-impure.o)
 .rodata._global_impure_ptr
                0x00000000        0x4 c:/program files (x86)/cypress/psoc creator/4.2/psoc creator/import/gnu/arm/5.4.1/bin/../lib/gcc/arm-none-eabi/5.4.1/../../../../arm-none-eabi/lib/armv7-m\libg_nano.a(lib_a-impure.o)
 .text          0x00000000        0x0 c:/program files (x86)/cypress/psoc creator/4.2/psoc creator/import/gnu/arm/5.4.1/bin/../lib/gcc/arm-none-eabi/5.4.1/../../../../arm-none-eabi/lib/armv7-m\libg_nano.a(lib_a-init.o)
 .data          0x00000000        0x0 c:/program files (x86)/cypress/psoc creator/4.2/psoc creator/import/gnu/arm/5.4.1/bin/../lib/gcc/arm-none-eabi/5.4.1/../../../../arm-none-eabi/lib/armv7-m\libg_nano.a(lib_a-init.o)
 .bss           0x00000000        0x0 c:/program files (x86)/cypress/psoc creator/4.2/psoc creator/import/gnu/arm/5.4.1/bin/../lib/gcc/arm-none-eabi/5.4.1/../../../../arm-none-eabi/lib/armv7-m\libg_nano.a(lib_a-init.o)
 .text          0x00000000        0x0 c:/program files (x86)/cypress/psoc creator/4.2/psoc creator/import/gnu/arm/5.4.1/bin/../lib/gcc/arm-none-eabi/5.4.1/../../../../arm-none-eabi/lib/armv7-m\libg_nano.a(lib_a-memcpy-stub.o)
 .data          0x00000000        0x0 c:/program files (x86)/cypress/psoc creator/4.2/psoc creator/import/gnu/arm/5.4.1/bin/../lib/gcc/arm-none-eabi/5.4.1/../../../../arm-none-eabi/lib/armv7-m\libg_nano.a(lib_a-memcpy-stub.o)
 .bss           0x00000000        0x0 c:/program files (x86)/cypress/psoc creator/4.2/psoc creator/import/gnu/arm/5.4.1/bin/../lib/gcc/arm-none-eabi/5.4.1/../../../../arm-none-eabi/lib/armv7-m\libg_nano.a(lib_a-memcpy-stub.o)
 .text          0x00000000        0x0 c:/program files (x86)/cypress/psoc creator/4.2/psoc creator/import/gnu/arm/5.4.1/bin/../lib/gcc/arm-none-eabi/5.4.1/../../../../arm-none-eabi/lib/armv7-m\libg_nano.a(lib_a-memset.o)
 .data          0x00000000        0x0 c:/program files (x86)/cypress/psoc creator/4.2/psoc creator/import/gnu/arm/5.4.1/bin/../lib/gcc/arm-none-eabi/5.4.1/../../../../arm-none-eabi/lib/armv7-m\libg_nano.a(lib_a-memset.o)
 .bss           0x00000000        0x0 c:/program files (x86)/cypress/psoc creator/4.2/psoc creator/import/gnu/arm/5.4.1/bin/../lib/gcc/arm-none-eabi/5.4.1/../../../../arm-none-eabi/lib/armv7-m\libg_nano.a(lib_a-memset.o)
 .text          0x00000000        0x0 c:/program files (x86)/cypress/psoc creator/4.2/psoc creator/import/gnu/arm/5.4.1/bin/../lib/gcc/arm-none-eabi/5.4.1/armv7-m/crtend.o
 .data          0x00000000        0x0 c:/program files (x86)/cypress/psoc creator/4.2/psoc creator/import/gnu/arm/5.4.1/bin/../lib/gcc/arm-none-eabi/5.4.1/armv7-m/crtend.o
 .bss           0x00000000        0x0 c:/program files (x86)/cypress/psoc creator/4.2/psoc creator/import/gnu/arm/5.4.1/bin/../lib/gcc/arm-none-eabi/5.4.1/armv7-m/crtend.o
 .text          0x00000000        0x0 c:/program files (x86)/cypress/psoc creator/4.2/psoc creator/import/gnu/arm/5.4.1/bin/../lib/gcc/arm-none-eabi/5.4.1/armv7-m/crtn.o
 .data          0x00000000        0x0 c:/program files (x86)/cypress/psoc creator/4.2/psoc creator/import/gnu/arm/5.4.1/bin/../lib/gcc/arm-none-eabi/5.4.1/armv7-m/crtn.o
 .bss           0x00000000        0x0 c:/program files (x86)/cypress/psoc creator/4.2/psoc creator/import/gnu/arm/5.4.1/bin/../lib/gcc/arm-none-eabi/5.4.1/armv7-m/crtn.o

Memory Configuration

Name             Origin             Length             Attributes
rom              0x00000000         0x00040000         xr
ram              0x1fff8000         0x00010000         xrw
*default*        0x00000000         0xffffffff

Linker script and memory map

LOAD c:/program files (x86)/cypress/psoc creator/4.2/psoc creator/import/gnu/arm/5.4.1/bin/../lib/gcc/arm-none-eabi/5.4.1/armv7-m/crti.o
LOAD c:/program files (x86)/cypress/psoc creator/4.2/psoc creator/import/gnu/arm/5.4.1/bin/../lib/gcc/arm-none-eabi/5.4.1/armv7-m/crtbegin.o
LOAD c:/program files (x86)/cypress/psoc creator/4.2/psoc creator/import/gnu/arm/5.4.1/bin/../lib/gcc/arm-none-eabi/5.4.1/../../../../arm-none-eabi/lib/armv7-m/crt0.o
START GROUP
LOAD .\CortexM3\ARM_GCC_541\Debug\main.o
LOAD .\CortexM3\ARM_GCC_541\Debug\cyfitter_cfg.o
LOAD .\CortexM3\ARM_GCC_541\Debug\cymetadata.o
LOAD .\CortexM3\ARM_GCC_541\Debug\Cm3Start.o
LOAD .\CortexM3\ARM_GCC_541\Debug\RAMA1.a
LOAD C:\Program Files (x86)\Cypress\PSoC Creator\4.2\PSoC Creator\psoc\content\cycomponentlibrary\CyComponentLibrary.cylib\CortexM3\ARM_GCC_541\Debug\CyComponentLibrary.a
END GROUP
START GROUP
LOAD c:/program files (x86)/cypress/psoc creator/4.2/psoc creator/import/gnu/arm/5.4.1/bin/../lib/gcc/arm-none-eabi/5.4.1/armv7-m\libgcc.a
LOAD c:/program files (x86)/cypress/psoc creator/4.2/psoc creator/import/gnu/arm/5.4.1/bin/../lib/gcc/arm-none-eabi/5.4.1/../../../../arm-none-eabi/lib/armv7-m\libg_nano.a
LOAD c:/program files (x86)/cypress/psoc creator/4.2/psoc creator/import/gnu/arm/5.4.1/bin/../lib/gcc/arm-none-eabi/5.4.1/../../../../arm-none-eabi/lib/armv7-m\libc_nano.a
END GROUP
START GROUP
LOAD c:/program files (x86)/cypress/psoc creator/4.2/psoc creator/import/gnu/arm/5.4.1/bin/../lib/gcc/arm-none-eabi/5.4.1/armv7-m\libgcc.a
LOAD c:/program files (x86)/cypress/psoc creator/4.2/psoc creator/import/gnu/arm/5.4.1/bin/../lib/gcc/arm-none-eabi/5.4.1/../../../../arm-none-eabi/lib/armv7-m\libc_nano.a
END GROUP
LOAD c:/program files (x86)/cypress/psoc creator/4.2/psoc creator/import/gnu/arm/5.4.1/bin/../lib/gcc/arm-none-eabi/5.4.1/armv7-m/crtend.o
LOAD c:/program files (x86)/cypress/psoc creator/4.2/psoc creator/import/gnu/arm/5.4.1/bin/../lib/gcc/arm-none-eabi/5.4.1/armv7-m/crtn.o
START GROUP
LOAD c:/program files (x86)/cypress/psoc creator/4.2/psoc creator/import/gnu/arm/5.4.1/bin/../lib/gcc/arm-none-eabi/5.4.1/armv7-m\libgcc.a
LOAD c:/program files (x86)/cypress/psoc creator/4.2/psoc creator/import/gnu/arm/5.4.1/bin/../lib/gcc/arm-none-eabi/5.4.1/../../../../arm-none-eabi/lib/armv7-m\libc.a
LOAD c:/program files (x86)/cypress/psoc creator/4.2/psoc creator/import/gnu/arm/5.4.1/bin/../lib/gcc/arm-none-eabi/5.4.1/../../../../arm-none-eabi/lib/armv7-m\libnosys.a
END GROUP
                0x00000000                CY_APPL_ORIGIN = 0x0
                0x00000100                CY_FLASH_ROW_SIZE = 0x100
                0x00000020                CY_ECC_ROW_SIZE = 0x20
                0x00000000                CY_EE_IN_BTLDR = 0x0
                0x00000000                CY_APPL_LOADABLE = 0x0
                0x00000800                CY_EE_SIZE = 0x800
                0x00000001                CY_APPL_NUM = 0x1
                0x00000001                CY_APPL_MAX = 0x1
                0x00000040                CY_METADATA_SIZE = 0x40
                0x00000000                CY_APPL_LOADABLE = 0x0
                0x00000000                CY_CHECKSUM_EXCLUDE_SIZE = ALIGN (0x0, CY_FLASH_ROW_SIZE)
                [!provide]                PROVIDE (__cy_heap_start, _end)
                0x00000001                PROVIDE (__cy_region_num, ((__cy_regions_end - __cy_regions) / 0x10))
                0x20008000                PROVIDE (__cy_stack, (ORIGIN (ram) + LENGTH (ram)))
                [!provide]                PROVIDE (__cy_heap_end, (__cy_stack - 0x800))

.cybootloader   0x00000000        0x0
 *(.cybootloader)
                0x00000000                appl1_start = CY_APPL_ORIGIN?CY_APPL_ORIGIN:ALIGN (CY_FLASH_ROW_SIZE)
                0x0001ff00                appl2_start = (appl1_start + ALIGN ((((LENGTH (rom) - appl1_start) - (0x2 * CY_FLASH_ROW_SIZE)) / 0x2), CY_FLASH_ROW_SIZE))
                0x00000000                appl_start = (CY_APPL_NUM == 0x1)?appl1_start:appl2_start
                0x00000000                ecc_offset = ((appl_start / CY_FLASH_ROW_SIZE) * CY_ECC_ROW_SIZE)
                0x00000000                ee_offset = (CY_APPL_LOADABLE && ! (CY_EE_IN_BTLDR))?((CY_EE_SIZE / CY_APPL_MAX) * (CY_APPL_NUM - 0x1)):0x0
                0x00000800                ee_size = (CY_APPL_LOADABLE && ! (CY_EE_IN_BTLDR))?(CY_EE_SIZE / CY_APPL_MAX):CY_EE_SIZE
                [!provide]                PROVIDE (CY_ECC_OFFSET, ecc_offset)

.text           0x00000000      0xc36
 CREATE_OBJECT_SYMBOLS
                0x00000000                PROVIDE (__cy_interrupt_vector, RomVectors)
 *(.romvectors)
 .romvectors    0x00000000       0x10 .\CortexM3\ARM_GCC_541\Debug\Cm3Start.o
                0x00000000                RomVectors
                0x00000001                ASSERT ((. != __cy_interrupt_vector), No interrupt vector)
                0x00000001                ASSERT (CY_APPL_ORIGIN?(SIZEOF (.cybootloader) <= CY_APPL_ORIGIN):0x1, Wrong image location)
                0x00000010                PROVIDE (__cy_reset, Reset)
 *(.text.Reset)
 .text.Reset    0x00000010       0x18 .\CortexM3\ARM_GCC_541\Debug\Cm3Start.o
                0x00000010                Reset
                0x00000001                ASSERT ((. != __cy_reset), No reset code)
 *(.dma_init)
                0x00000001                ASSERT ((((appl_start + .) <= 0x10000) || 0x1), DMA Init must be within the first 64k of flash)
 *(.text .text.* .gnu.linkonce.t.*)
 .text          0x00000028       0x5c c:/program files (x86)/cypress/psoc creator/4.2/psoc creator/import/gnu/arm/5.4.1/bin/../lib/gcc/arm-none-eabi/5.4.1/armv7-m/crtbegin.o
 .text.Inte     0x00000084       0x7c .\CortexM3\ARM_GCC_541\Debug\main.o
                0x00000084                Inte
 .text.visualc  0x00000100       0x78 .\CortexM3\ARM_GCC_541\Debug\main.o
                0x00000100                visualc
 .text.main     0x00000178       0xc4 .\CortexM3\ARM_GCC_541\Debug\main.o
                0x00000178                main
 .text.CyClockStartupError
                0x0000023c        0x4 .\CortexM3\ARM_GCC_541\Debug\cyfitter_cfg.o
 .text.cfg_write_bytes32
                0x00000240       0x34 .\CortexM3\ARM_GCC_541\Debug\cyfitter_cfg.o
 .text.CYMEMZERO
                0x00000274        0xc .\CortexM3\ARM_GCC_541\Debug\cyfitter_cfg.o
 .text.AnalogSetDefault
                0x00000280       0x7c .\CortexM3\ARM_GCC_541\Debug\cyfitter_cfg.o
 .text.CYCONFIGCPY
                0x000002fc        0x8 .\CortexM3\ARM_GCC_541\Debug\cyfitter_cfg.o
 .text.ClockSetup
                0x00000304       0xcc .\CortexM3\ARM_GCC_541\Debug\cyfitter_cfg.o
 .text.cyfitter_cfg
                0x000003d0       0xe8 .\CortexM3\ARM_GCC_541\Debug\cyfitter_cfg.o
                0x000003d0                cyfitter_cfg
 .text.IntDefaultHandler
                0x000004b8       0x10 .\CortexM3\ARM_GCC_541\Debug\Cm3Start.o
                0x000004b8                IntDefaultHandler
 .text.Start_c  0x000004c8       0x4c .\CortexM3\ARM_GCC_541\Debug\Cm3Start.o
                0x000004c8                Start_c
 .text.initialize_psoc
                0x00000514       0x68 .\CortexM3\ARM_GCC_541\Debug\Cm3Start.o
                0x00000514                initialize_psoc
 .text.LCD_WrCntrlNib
                0x0000057c       0x34 .\CortexM3\ARM_GCC_541\Debug\RAMA1.a(LCD.o)
 .text.LCD_WrDatNib
                0x000005b0       0x44 .\CortexM3\ARM_GCC_541\Debug\RAMA1.a(LCD.o)
 .text.LCD_IsReady
                0x000005f4       0xe4 .\CortexM3\ARM_GCC_541\Debug\RAMA1.a(LCD.o)
                0x000005f4                LCD_IsReady
 .text.LCD_WriteData
                0x000006d8       0x18 .\CortexM3\ARM_GCC_541\Debug\RAMA1.a(LCD.o)
                0x000006d8                LCD_WriteData
 .text.LCD_PrintString
                0x000006f0       0x1c .\CortexM3\ARM_GCC_541\Debug\RAMA1.a(LCD.o)
                0x000006f0                LCD_PrintString
 .text.LCD_PutChar
                0x0000070c        0x8 .\CortexM3\ARM_GCC_541\Debug\RAMA1.a(LCD.o)
                0x0000070c                LCD_PutChar
 .text.LCD_WriteControl
                0x00000714       0x18 .\CortexM3\ARM_GCC_541\Debug\RAMA1.a(LCD.o)
                0x00000714                LCD_WriteControl
 .text.LCD_Init
                0x0000072c       0x74 .\CortexM3\ARM_GCC_541\Debug\RAMA1.a(LCD.o)
                0x0000072c                LCD_Init
 .text.LCD_Enable
                0x000007a0       0x14 .\CortexM3\ARM_GCC_541\Debug\RAMA1.a(LCD.o)
                0x000007a0                LCD_Enable
 .text.LCD_Start
                0x000007b4       0x1c .\CortexM3\ARM_GCC_541\Debug\RAMA1.a(LCD.o)
                0x000007b4                LCD_Start
 .text.LCD_Position
                0x000007d0       0x3c .\CortexM3\ARM_GCC_541\Debug\RAMA1.a(LCD.o)
                0x000007d0                LCD_Position
 .text.LCD_PrintU32Number
                0x0000080c       0x64 .\CortexM3\ARM_GCC_541\Debug\RAMA1.a(LCD.o)
                0x0000080c                LCD_PrintU32Number
 .text.LCD_LoadCustomFonts
                0x00000870       0x2c .\CortexM3\ARM_GCC_541\Debug\RAMA1.a(LCD_CustChars.o)
                0x00000870                LCD_LoadCustomFonts
 .text.CyHalt   0x0000089c        0x4 .\CortexM3\ARM_GCC_541\Debug\RAMA1.a(CyLib.o)
                0x0000089c                CyHalt
 .text.CyDelay  0x000008a0       0x2c .\CortexM3\ARM_GCC_541\Debug\RAMA1.a(CyLib.o)
                0x000008a0                CyDelay
 .text.CyDelayUs
                0x000008cc       0x14 .\CortexM3\ARM_GCC_541\Debug\RAMA1.a(CyLib.o)
                0x000008cc                CyDelayUs
 .text.CyIntSetVector
                0x000008e0       0x28 .\CortexM3\ARM_GCC_541\Debug\RAMA1.a(CyLib.o)
                0x000008e0                CyIntSetVector
 .text.CyIntSetPriority
                0x00000908       0x30 .\CortexM3\ARM_GCC_541\Debug\RAMA1.a(CyLib.o)
                0x00000908                CyIntSetPriority
 .text.SWI_Read
                0x00000938       0x10 .\CortexM3\ARM_GCC_541\Debug\RAMA1.a(SWI.o)
                0x00000938                SWI_Read
 .text.SWI_ClearInterrupt
                0x00000948       0x10 .\CortexM3\ARM_GCC_541\Debug\RAMA1.a(SWI.o)
                0x00000948                SWI_ClearInterrupt
 .text.IRQ_SW_SetVector
                0x00000958        0xc .\CortexM3\ARM_GCC_541\Debug\RAMA1.a(IRQ_SW.o)
                0x00000958                IRQ_SW_SetVector
 .text.IRQ_SW_SetPriority
                0x00000964       0x10 .\CortexM3\ARM_GCC_541\Debug\RAMA1.a(IRQ_SW.o)
                0x00000964                IRQ_SW_SetPriority
 .text.IRQ_SW_Enable
                0x00000974        0xc .\CortexM3\ARM_GCC_541\Debug\RAMA1.a(IRQ_SW.o)
                0x00000974                IRQ_SW_Enable
 .text.IRQ_SW_Disable
                0x00000980        0xc .\CortexM3\ARM_GCC_541\Debug\RAMA1.a(IRQ_SW.o)
                0x00000980                IRQ_SW_Disable
 .text.IRQ_SW_StartEx
                0x0000098c       0x1c .\CortexM3\ARM_GCC_541\Debug\RAMA1.a(IRQ_SW.o)
                0x0000098c                IRQ_SW_StartEx
 .text.ADC_CalcGain
                0x000009a8       0x64 .\CortexM3\ARM_GCC_541\Debug\RAMA1.a(ADC.o)
 .text.ADC_Enable
                0x00000a0c       0x94 .\CortexM3\ARM_GCC_541\Debug\RAMA1.a(ADC.o)
                0x00000a0c                ADC_Enable
 .text.ADC_SetResolution
                0x00000aa0       0x38 .\CortexM3\ARM_GCC_541\Debug\RAMA1.a(ADC.o)
                0x00000aa0                ADC_SetResolution
 .text.ADC_Init
                0x00000ad8       0x3c .\CortexM3\ARM_GCC_541\Debug\RAMA1.a(ADC.o)
                0x00000ad8                ADC_Init
 .text.ADC_Start
                0x00000b14       0x1c .\CortexM3\ARM_GCC_541\Debug\RAMA1.a(ADC.o)
                0x00000b14                ADC_Start
 .text.ADC_StartConvert
                0x00000b30       0x10 .\CortexM3\ARM_GCC_541\Debug\RAMA1.a(ADC.o)
                0x00000b30                ADC_StartConvert
 .text.ADC_IsEndConversion
                0x00000b40       0x24 .\CortexM3\ARM_GCC_541\Debug\RAMA1.a(ADC.o)
                0x00000b40                ADC_IsEndConversion
 .text.ADC_GetResult16
                0x00000b64       0x18 .\CortexM3\ARM_GCC_541\Debug\RAMA1.a(ADC.o)
                0x00000b64                ADC_GetResult16
 .text.ADC_ISR  0x00000b7c        0x4 .\CortexM3\ARM_GCC_541\Debug\RAMA1.a(ADC_INT.o)
                0x00000b7c                ADC_ISR
 .text.ADC_theACLK_SetModeRegister
                0x00000b80       0x14 .\CortexM3\ARM_GCC_541\Debug\RAMA1.a(ADC_theACLK.o)
                0x00000b80                ADC_theACLK_SetModeRegister
 *fill*         0x00000b94        0x4 
 .text          0x00000b98       0x20 .\CortexM3\ARM_GCC_541\Debug\RAMA1.a(CyBootAsmGnu.o)
                0x00000b98                CyDelayCycles
                0x00000ba8                CyEnterCriticalSection
                0x00000bb0                CyExitCriticalSection
 .text.__errno  0x00000bb8        0xc c:/program files (x86)/cypress/psoc creator/4.2/psoc creator/import/gnu/arm/5.4.1/bin/../lib/gcc/arm-none-eabi/5.4.1/../../../../arm-none-eabi/lib/armv7-m\libg_nano.a(lib_a-errno.o)
                0x00000bb8                __errno
 .text.__libc_init_array
                0x00000bc4       0x4c c:/program files (x86)/cypress/psoc creator/4.2/psoc creator/import/gnu/arm/5.4.1/bin/../lib/gcc/arm-none-eabi/5.4.1/../../../../arm-none-eabi/lib/armv7-m\libg_nano.a(lib_a-init.o)
                0x00000bc4                __libc_init_array
 .text.memcpy   0x00000c10       0x16 c:/program files (x86)/cypress/psoc creator/4.2/psoc creator/import/gnu/arm/5.4.1/bin/../lib/gcc/arm-none-eabi/5.4.1/../../../../arm-none-eabi/lib/armv7-m\libg_nano.a(lib_a-memcpy-stub.o)
                0x00000c10                memcpy
 .text.memset   0x00000c26       0x10 c:/program files (x86)/cypress/psoc creator/4.2/psoc creator/import/gnu/arm/5.4.1/bin/../lib/gcc/arm-none-eabi/5.4.1/../../../../arm-none-eabi/lib/armv7-m\libg_nano.a(lib_a-memset.o)
                0x00000c26                memset
 *(.plt)
 *(.gnu.warning)
 *(.glue_7t)
 .glue_7t       0x00000c36        0x0 linker stubs
 *(.glue_7)
 .glue_7        0x00000c36        0x0 linker stubs
 *(.vfp11_veneer)
 .vfp11_veneer  0x00000c36        0x0 linker stubs
 *(.bootloader)
 *(.ARM.extab* .gnu.linkonce.armextab.*)
 *(.gcc_except_table)

.v4_bx          0x00000c38        0x0
 .v4_bx         0x00000c38        0x0 linker stubs

.iplt           0x00000c38        0x0
 .iplt          0x00000c38        0x0 c:/program files (x86)/cypress/psoc creator/4.2/psoc creator/import/gnu/arm/5.4.1/bin/../lib/gcc/arm-none-eabi/5.4.1/armv7-m/crtbegin.o

.eh_frame_hdr
 *(.eh_frame_hdr)

.eh_frame       0x00000c38        0x4
 *(.eh_frame)
 .eh_frame      0x00000c38        0x0 c:/program files (x86)/cypress/psoc creator/4.2/psoc creator/import/gnu/arm/5.4.1/bin/../lib/gcc/arm-none-eabi/5.4.1/armv7-m/crtbegin.o
 .eh_frame      0x00000c38        0x4 c:/program files (x86)/cypress/psoc creator/4.2/psoc creator/import/gnu/arm/5.4.1/bin/../lib/gcc/arm-none-eabi/5.4.1/armv7-m/crtend.o
                [!provide]                PROVIDE (__exidx_start, .)

.ARM.exidx
 *(.ARM.exidx* .gnu.linkonce.armexidx.*)
                0x00000c3c                __exidx_end = .

.rodata         0x00000c3c       0xd4
 *(.rodata .rodata.* .gnu.linkonce.r.*)
 .rodata.str1.4
                0x00000c3c       0x2c .\CortexM3\ARM_GCC_541\Debug\main.o
                                 0x2b (size before relaxing)
 .rodata        0x00000c68       0x30 .\CortexM3\ARM_GCC_541\Debug\cyfitter_cfg.o
 .rodata        0x00000c98       0x40 .\CortexM3\ARM_GCC_541\Debug\RAMA1.a(LCD_CustChars.o)
                0x00000c98                LCD_customFonts
 .rodata.str1.1
                0x00000cd8        0x2 c:/program files (x86)/cypress/psoc creator/4.2/psoc creator/import/gnu/arm/5.4.1/bin/../lib/gcc/arm-none-eabi/5.4.1/../../../../arm-none-eabi/lib/armv7-m\libg_nano.a(lib_a-impure.o)
                0x00000cdc                . = ALIGN (0x4)
 *fill*         0x00000cda        0x2 
 *(.init)
 .init          0x00000cdc        0x4 c:/program files (x86)/cypress/psoc creator/4.2/psoc creator/import/gnu/arm/5.4.1/bin/../lib/gcc/arm-none-eabi/5.4.1/armv7-m/crti.o
                0x00000cdc                _init
 .init          0x00000ce0        0x8 c:/program files (x86)/cypress/psoc creator/4.2/psoc creator/import/gnu/arm/5.4.1/bin/../lib/gcc/arm-none-eabi/5.4.1/armv7-m/crtn.o
                0x00000ce8                . = ALIGN (0x4)
                0x00000ce8                __preinit_array_start = .
 *(.preinit_array)
                0x00000ce8                __preinit_array_end = .
                0x00000ce8                . = ALIGN (0x4)
                0x00000ce8                __init_array_start = .
 *(SORT(.init_array.*))
 *(.init_array)
 .init_array    0x00000ce8        0x4 c:/program files (x86)/cypress/psoc creator/4.2/psoc creator/import/gnu/arm/5.4.1/bin/../lib/gcc/arm-none-eabi/5.4.1/armv7-m/crtbegin.o
 .init_array    0x00000cec        0x4 .\CortexM3\ARM_GCC_541\Debug\Cm3Start.o
                0x00000cf0                __init_array_end = .
                0x00000cf0                . = ALIGN (0x4)
 *(.fini)
 .fini          0x00000cf0        0x4 c:/program files (x86)/cypress/psoc creator/4.2/psoc creator/import/gnu/arm/5.4.1/bin/../lib/gcc/arm-none-eabi/5.4.1/armv7-m/crti.o
                0x00000cf0                _fini
 .fini          0x00000cf4        0x8 c:/program files (x86)/cypress/psoc creator/4.2/psoc creator/import/gnu/arm/5.4.1/bin/../lib/gcc/arm-none-eabi/5.4.1/armv7-m/crtn.o
                0x00000cfc                . = ALIGN (0x4)
                0x00000cfc                __fini_array_start = .
 *(.fini_array)
 .fini_array    0x00000cfc        0x4 c:/program files (x86)/cypress/psoc creator/4.2/psoc creator/import/gnu/arm/5.4.1/bin/../lib/gcc/arm-none-eabi/5.4.1/armv7-m/crtbegin.o
 *(SORT(.fini_array.*))
                0x00000d00                __fini_array_end = .
                0x00000d00                . = ALIGN (0x4)
 *crtbegin.o(.ctors)
 *(EXCLUDE_FILE(*crtend.o) .ctors)
 *(SORT(.ctors.*))
 *crtend.o(.ctors)
                0x00000d00                . = ALIGN (0x4)
 *crtbegin.o(.dtors)
 *(EXCLUDE_FILE(*crtend.o) .dtors)
 *(SORT(.dtors.*))
 *crtend.o(.dtors)
                0x00000d00                . = ALIGN (0x4)
                0x00000d00                __cy_regions = .
                0x00000d00        0x4 LONG 0xd10 __cy_region_init_ram
                0x00000d04        0x4 LONG 0x1fff80c8 __cy_region_start_data
                0x00000d08        0x4 LONG 0x78 __cy_region_init_size_ram
                0x00000d0c        0x4 LONG 0x38 __cy_region_zero_size_ram
                0x00000d10                __cy_regions_end = .
                0x00000d10                . = ALIGN (0x8)
                0x00000d10                _etext = .

.cy_checksum_exclude
                0x00000d10        0x0
 *(.cy_checksum_exclude)

.ramvectors     0x1fff8000       0xc0
                0x1fff8000                __cy_region_start_ram = .
 *(.ramvectors)
 .ramvectors    0x1fff8000       0xc0 .\CortexM3\ARM_GCC_541\Debug\Cm3Start.o
                0x1fff8000                CyRamVectors

.noinit         0x1fff80c0        0x1
 *(.noinit)
 .noinit        0x1fff80c0        0x1 .\CortexM3\ARM_GCC_541\Debug\RAMA1.a(CyLib.o)
                0x1fff80c0                CyResetStatus

.data           0x1fff80c8       0x78 load address 0x00000d10
                0x1fff80c8                __cy_region_start_data = .
 *(.jcr)
 .jcr           0x1fff80c8        0x0 c:/program files (x86)/cypress/psoc creator/4.2/psoc creator/import/gnu/arm/5.4.1/bin/../lib/gcc/arm-none-eabi/5.4.1/armv7-m/crtbegin.o
 .jcr           0x1fff80c8        0x4 c:/program files (x86)/cypress/psoc creator/4.2/psoc creator/import/gnu/arm/5.4.1/bin/../lib/gcc/arm-none-eabi/5.4.1/armv7-m/crtend.o
 *(.got.plt)
 *(.got)
 *(.shdata)
 *(.data .data.* .gnu.linkonce.d.*)
 .data          0x1fff80cc       0x10 .\CortexM3\ARM_GCC_541\Debug\RAMA1.a(CyLib.o)
                0x1fff80cc                cydelay_32k_ms
                0x1fff80d0                cydelay_freq_khz
                0x1fff80d4                cydelay_freq_mhz
                0x1fff80d8                cydelay_freq_hz
 .data.impure_data
                0x1fff80dc       0x60 c:/program files (x86)/cypress/psoc creator/4.2/psoc creator/import/gnu/arm/5.4.1/bin/../lib/gcc/arm-none-eabi/5.4.1/../../../../arm-none-eabi/lib/armv7-m\libg_nano.a(lib_a-impure.o)
 .data._impure_ptr
                0x1fff813c        0x4 c:/program files (x86)/cypress/psoc creator/4.2/psoc creator/import/gnu/arm/5.4.1/bin/../lib/gcc/arm-none-eabi/5.4.1/../../../../arm-none-eabi/lib/armv7-m\libg_nano.a(lib_a-impure.o)
                0x1fff813c                _impure_ptr
                0x1fff8140                . = ALIGN (0x8)
 *(.ram)
                0x1fff8140                _edata = .

.igot.plt       0x1fff8140        0x0 load address 0x00000d88
 .igot.plt      0x1fff8140        0x0 c:/program files (x86)/cypress/psoc creator/4.2/psoc creator/import/gnu/arm/5.4.1/bin/../lib/gcc/arm-none-eabi/5.4.1/armv7-m/crtbegin.o

.bss            0x1fff8140       0x38 load address 0x00000d88
                0x1fff8140                PROVIDE (__bss_start__, .)
 *(.shbss)
 *(.bss .bss.* .gnu.linkonce.b.*)
 .bss           0x1fff8140       0x1c c:/program files (x86)/cypress/psoc creator/4.2/psoc creator/import/gnu/arm/5.4.1/bin/../lib/gcc/arm-none-eabi/5.4.1/armv7-m/crtbegin.o
 .bss           0x1fff815c        0x2 .\CortexM3\ARM_GCC_541\Debug\main.o
                0x1fff815c                de
                0x1fff815d                temp
 .bss           0x1fff815e        0x2 .\CortexM3\ARM_GCC_541\Debug\RAMA1.a(LCD.o)
                0x1fff815e                LCD_enableState
                0x1fff815f                LCD_initVar
 .bss           0x1fff8160        0x1 .\CortexM3\ARM_GCC_541\Debug\RAMA1.a(ADC.o)
                0x1fff8160                ADC_initVar
 *(COMMON)
 *fill*         0x1fff8161        0x1 
 COMMON         0x1fff8162        0x8 .\CortexM3\ARM_GCC_541\Debug\main.o
                0x1fff8162                f
                0x1fff8164                k
                0x1fff8166                d
                0x1fff8168                u
 *fill*         0x1fff816a        0x2 
 COMMON         0x1fff816c        0xa .\CortexM3\ARM_GCC_541\Debug\RAMA1.a(ADC.o)
                0x1fff816c                ADC_countsPer10Volt
                0x1fff8170                ADC_shift
                0x1fff8172                ADC_countsPerVolt
                0x1fff8174                ADC_offset
                0x1fff8178                . = ALIGN (0x8)
 *fill*         0x1fff8176        0x2 
 *(.ram.b)
                0x1fff8178                _end = .
                0x1fff8178                __end = .
                0x1fff8178                PROVIDE (end, .)
                0x1fff8178                PROVIDE (__bss_end__, .)
                0x00000d10                __cy_region_init_ram = LOADADDR (.data)
                0x00000078                __cy_region_init_size_ram = (_edata - ADDR (.data))
                0x00000038                __cy_region_zero_size_ram = (_end - _edata)

.heap           0x1fff8178       0x80 load address 0x00000d88
                0x1fff8178                . = _end
                0x1fff81f8                . = (. + 0x80)
 *fill*         0x1fff8178       0x80 
                0x1fff81f8                __cy_heap_limit = .

.stack          0x20007800      0x800
                0x20007800                __cy_stack_limit = .
                0x20008000                . = (. + 0x800)
 *fill*         0x20007800      0x800 
                0x00000001                ASSERT ((__cy_stack_limit >= __cy_heap_limit), region RAM overflowed with stack)
                0x00000000                cy_checksum_exclude_size = (CY_APPL_LOADABLE == 0x1)?SIZEOF (.cy_checksum_exclude):0x0
                0x00000001                ASSERT ((cy_checksum_exclude_size <= CY_CHECKSUM_EXCLUDE_SIZE), CY_BOOT: Section .cy_checksum_exclude size exceedes specified limit.)

.cyloadermeta
 *(.cyloadermeta)

.cyloadablemeta
 *(.cyloadablemeta)

.cyconfigecc    0x80000000       0x70
 *(.cyconfigecc)
 .cyconfigecc   0x80000000       0x70 .\CortexM3\ARM_GCC_541\Debug\cymetadata.o
                0x80000000                cy_meta_configecc

.cycustnvl      0x90000000        0x4
 *(.cycustnvl)
 .cycustnvl     0x90000000        0x4 .\CortexM3\ARM_GCC_541\Debug\cymetadata.o
                0x90000000                cy_meta_custnvl

.cywolatch      0x90100000        0x4
 *(.cywolatch)
 .cywolatch     0x90100000        0x4 .\CortexM3\ARM_GCC_541\Debug\cymetadata.o
                0x90100000                cy_meta_wonvl

.cyeeprom       0x90200000        0x0
 *(.cyeeprom)
                0x00000001                ASSERT ((. <= ((0x90200000 + ee_offset) + ee_size)), .cyeeprom data will not fit in EEPROM)

.cyflashprotect
                0x90400000      0x100
 *(.cyflashprotect)
 .cyflashprotect
                0x90400000      0x100 .\CortexM3\ARM_GCC_541\Debug\cymetadata.o
                0x90400000                cy_meta_flashprotect

.cymeta         0x90500000        0xc
 *(.cymeta)
 .cymeta        0x90500000        0xc .\CortexM3\ARM_GCC_541\Debug\cymetadata.o
                0x90500000                cy_metadata

.rel.dyn        0x00000d88        0x0 load address 0x9050000c
 .rel.iplt      0x00000d88        0x0 c:/program files (x86)/cypress/psoc creator/4.2/psoc creator/import/gnu/arm/5.4.1/bin/../lib/gcc/arm-none-eabi/5.4.1/armv7-m/crtbegin.o

.stab
 *(.stab)

.stabstr
 *(.stabstr)

.debug
 *(.debug)

.line
 *(.line)

.debug_srcinfo
 *(.debug_srcinfo)

.debug_sfnames
 *(.debug_sfnames)

.debug_aranges  0x00000000      0x810
 *(.debug_aranges)
 .debug_aranges
                0x00000000       0x30 .\CortexM3\ARM_GCC_541\Debug\main.o
 .debug_aranges
                0x00000030       0x58 .\CortexM3\ARM_GCC_541\Debug\cyfitter_cfg.o
 .debug_aranges
                0x00000088       0x18 .\CortexM3\ARM_GCC_541\Debug\cymetadata.o
 .debug_aranges
                0x000000a0       0x48 .\CortexM3\ARM_GCC_541\Debug\Cm3Start.o
 .debug_aranges
                0x000000e8       0x98 .\CortexM3\ARM_GCC_541\Debug\RAMA1.a(LCD.o)
 .debug_aranges
                0x00000180       0x20 .\CortexM3\ARM_GCC_541\Debug\RAMA1.a(LCD_CustChars.o)
 .debug_aranges
                0x000001a0      0x2a0 .\CortexM3\ARM_GCC_541\Debug\RAMA1.a(CyLib.o)
 .debug_aranges
                0x00000440       0x98 .\CortexM3\ARM_GCC_541\Debug\RAMA1.a(cyPm.o)
 .debug_aranges
                0x000004d8       0x48 .\CortexM3\ARM_GCC_541\Debug\RAMA1.a(SWI.o)
 .debug_aranges
                0x00000520       0x80 .\CortexM3\ARM_GCC_541\Debug\RAMA1.a(IRQ_SW.o)
 .debug_aranges
                0x000005a0       0xa8 .\CortexM3\ARM_GCC_541\Debug\RAMA1.a(ADC.o)
 .debug_aranges
                0x00000648       0x20 .\CortexM3\ARM_GCC_541\Debug\RAMA1.a(ADC_INT.o)
 .debug_aranges
                0x00000668       0x80 .\CortexM3\ARM_GCC_541\Debug\RAMA1.a(ADC_theACLK.o)
 .debug_aranges
                0x000006e8       0x20 .\CortexM3\ARM_GCC_541\Debug\RAMA1.a(CyBootAsmGnu.o)
 .debug_aranges
                0x00000708       0x88 .\CortexM3\ARM_GCC_541\Debug\RAMA1.a(CyFlash.o)
 .debug_aranges
                0x00000790       0x80 .\CortexM3\ARM_GCC_541\Debug\RAMA1.a(CySpc.o)

.debug_pubnames
 *(.debug_pubnames)

.debug_info     0x00000000     0x4ef0
 *(.debug_info .gnu.linkonce.wi.*)
 .debug_info    0x00000000      0x4d6 .\CortexM3\ARM_GCC_541\Debug\main.o
 .debug_info    0x000004d6      0x550 .\CortexM3\ARM_GCC_541\Debug\cyfitter_cfg.o
 .debug_info    0x00000a26      0x134 .\CortexM3\ARM_GCC_541\Debug\cymetadata.o
 .debug_info    0x00000b5a      0x3bb .\CortexM3\ARM_GCC_541\Debug\Cm3Start.o
 .debug_info    0x00000f15      0x752 .\CortexM3\ARM_GCC_541\Debug\RAMA1.a(LCD.o)
 .debug_info    0x00001667      0x159 .\CortexM3\ARM_GCC_541\Debug\RAMA1.a(LCD_CustChars.o)
 .debug_info    0x000017c0     0x1374 .\CortexM3\ARM_GCC_541\Debug\RAMA1.a(CyLib.o)
 .debug_info    0x00002b34      0xa2a .\CortexM3\ARM_GCC_541\Debug\RAMA1.a(cyPm.o)
 .debug_info    0x0000355e      0x174 .\CortexM3\ARM_GCC_541\Debug\RAMA1.a(SWI.o)
 .debug_info    0x000036d2      0x2d2 .\CortexM3\ARM_GCC_541\Debug\RAMA1.a(IRQ_SW.o)
 .debug_info    0x000039a4      0x5c0 .\CortexM3\ARM_GCC_541\Debug\RAMA1.a(ADC.o)
 .debug_info    0x00003f64       0x92 .\CortexM3\ARM_GCC_541\Debug\RAMA1.a(ADC_INT.o)
 .debug_info    0x00003ff6      0x2c4 .\CortexM3\ARM_GCC_541\Debug\RAMA1.a(ADC_theACLK.o)
 .debug_info    0x000042ba       0x99 .\CortexM3\ARM_GCC_541\Debug\RAMA1.a(CyBootAsmGnu.o)
 .debug_info    0x00004353      0x64d .\CortexM3\ARM_GCC_541\Debug\RAMA1.a(CyFlash.o)
 .debug_info    0x000049a0      0x550 .\CortexM3\ARM_GCC_541\Debug\RAMA1.a(CySpc.o)

.debug_abbrev   0x00000000     0x1402
 *(.debug_abbrev)
 .debug_abbrev  0x00000000      0x115 .\CortexM3\ARM_GCC_541\Debug\main.o
 .debug_abbrev  0x00000115      0x1fe .\CortexM3\ARM_GCC_541\Debug\cyfitter_cfg.o
 .debug_abbrev  0x00000313       0x5d .\CortexM3\ARM_GCC_541\Debug\cymetadata.o
 .debug_abbrev  0x00000370      0x1e8 .\CortexM3\ARM_GCC_541\Debug\Cm3Start.o
 .debug_abbrev  0x00000558      0x168 .\CortexM3\ARM_GCC_541\Debug\RAMA1.a(LCD.o)
 .debug_abbrev  0x000006c0       0xe2 .\CortexM3\ARM_GCC_541\Debug\RAMA1.a(LCD_CustChars.o)
 .debug_abbrev  0x000007a2      0x254 .\CortexM3\ARM_GCC_541\Debug\RAMA1.a(CyLib.o)
 .debug_abbrev  0x000009f6      0x1ab .\CortexM3\ARM_GCC_541\Debug\RAMA1.a(cyPm.o)
 .debug_abbrev  0x00000ba1       0x90 .\CortexM3\ARM_GCC_541\Debug\RAMA1.a(SWI.o)
 .debug_abbrev  0x00000c31      0x173 .\CortexM3\ARM_GCC_541\Debug\RAMA1.a(IRQ_SW.o)
 .debug_abbrev  0x00000da4      0x1ac .\CortexM3\ARM_GCC_541\Debug\RAMA1.a(ADC.o)
 .debug_abbrev  0x00000f50       0x42 .\CortexM3\ARM_GCC_541\Debug\RAMA1.a(ADC_INT.o)
 .debug_abbrev  0x00000f92      0x121 .\CortexM3\ARM_GCC_541\Debug\RAMA1.a(ADC_theACLK.o)
 .debug_abbrev  0x000010b3       0x14 .\CortexM3\ARM_GCC_541\Debug\RAMA1.a(CyBootAsmGnu.o)
 .debug_abbrev  0x000010c7      0x1a7 .\CortexM3\ARM_GCC_541\Debug\RAMA1.a(CyFlash.o)
 .debug_abbrev  0x0000126e      0x194 .\CortexM3\ARM_GCC_541\Debug\RAMA1.a(CySpc.o)

.debug_line     0x00000000     0x1ff7
 *(.debug_line)
 .debug_line    0x00000000      0x1ea .\CortexM3\ARM_GCC_541\Debug\main.o
 .debug_line    0x000001ea      0x1e4 .\CortexM3\ARM_GCC_541\Debug\cyfitter_cfg.o
 .debug_line    0x000003ce      0x141 .\CortexM3\ARM_GCC_541\Debug\cymetadata.o
 .debug_line    0x0000050f      0x234 .\CortexM3\ARM_GCC_541\Debug\Cm3Start.o
 .debug_line    0x00000743      0x1e6 .\CortexM3\ARM_GCC_541\Debug\RAMA1.a(LCD.o)
 .debug_line    0x00000929       0x83 .\CortexM3\ARM_GCC_541\Debug\RAMA1.a(LCD_CustChars.o)
 .debug_line    0x000009ac      0x816 .\CortexM3\ARM_GCC_541\Debug\RAMA1.a(CyLib.o)
 .debug_line    0x000011c2      0x367 .\CortexM3\ARM_GCC_541\Debug\RAMA1.a(cyPm.o)
 .debug_line    0x00001529       0xba .\CortexM3\ARM_GCC_541\Debug\RAMA1.a(SWI.o)
 .debug_line    0x000015e3      0x133 .\CortexM3\ARM_GCC_541\Debug\RAMA1.a(IRQ_SW.o)
 .debug_line    0x00001716      0x214 .\CortexM3\ARM_GCC_541\Debug\RAMA1.a(ADC.o)
 .debug_line    0x0000192a       0x50 .\CortexM3\ARM_GCC_541\Debug\RAMA1.a(ADC_INT.o)
 .debug_line    0x0000197a      0x19d .\CortexM3\ARM_GCC_541\Debug\RAMA1.a(ADC_theACLK.o)
 .debug_line    0x00001b17       0x66 .\CortexM3\ARM_GCC_541\Debug\RAMA1.a(CyBootAsmGnu.o)
 .debug_line    0x00001b7d      0x21a .\CortexM3\ARM_GCC_541\Debug\RAMA1.a(CyFlash.o)
 .debug_line    0x00001d97      0x260 .\CortexM3\ARM_GCC_541\Debug\RAMA1.a(CySpc.o)

.debug_frame    0x00000000     0x15f4
 *(.debug_frame)
 .debug_frame   0x00000000       0x68 .\CortexM3\ARM_GCC_541\Debug\main.o
 .debug_frame   0x00000068       0xfc .\CortexM3\ARM_GCC_541\Debug\cyfitter_cfg.o
 .debug_frame   0x00000164       0xb8 .\CortexM3\ARM_GCC_541\Debug\Cm3Start.o
 .debug_frame   0x0000021c      0x1e8 .\CortexM3\ARM_GCC_541\Debug\RAMA1.a(LCD.o)
 .debug_frame   0x00000404       0x30 .\CortexM3\ARM_GCC_541\Debug\RAMA1.a(LCD_CustChars.o)
 .debug_frame   0x00000434      0x738 .\CortexM3\ARM_GCC_541\Debug\RAMA1.a(CyLib.o)
 .debug_frame   0x00000b6c      0x1f8 .\CortexM3\ARM_GCC_541\Debug\RAMA1.a(cyPm.o)
 .debug_frame   0x00000d64       0x70 .\CortexM3\ARM_GCC_541\Debug\RAMA1.a(SWI.o)
 .debug_frame   0x00000dd4      0x104 .\CortexM3\ARM_GCC_541\Debug\RAMA1.a(IRQ_SW.o)
 .debug_frame   0x00000ed8      0x1b0 .\CortexM3\ARM_GCC_541\Debug\RAMA1.a(ADC.o)
 .debug_frame   0x00001088       0x20 .\CortexM3\ARM_GCC_541\Debug\RAMA1.a(ADC_INT.o)
 .debug_frame   0x000010a8      0x100 .\CortexM3\ARM_GCC_541\Debug\RAMA1.a(ADC_theACLK.o)
 .debug_frame   0x000011a8      0x194 .\CortexM3\ARM_GCC_541\Debug\RAMA1.a(CyFlash.o)
 .debug_frame   0x0000133c      0x180 .\CortexM3\ARM_GCC_541\Debug\RAMA1.a(CySpc.o)
 .debug_frame   0x000014bc       0x44 c:/program files (x86)/cypress/psoc creator/4.2/psoc creator/import/gnu/arm/5.4.1/bin/../lib/gcc/arm-none-eabi/5.4.1/armv7-m\libgcc.a(_aeabi_ldivmod.o)
 .debug_frame   0x00001500       0x38 c:/program files (x86)/cypress/psoc creator/4.2/psoc creator/import/gnu/arm/5.4.1/bin/../lib/gcc/arm-none-eabi/5.4.1/armv7-m\libgcc.a(_udivmoddi4.o)
 .debug_frame   0x00001538       0x20 c:/program files (x86)/cypress/psoc creator/4.2/psoc creator/import/gnu/arm/5.4.1/bin/../lib/gcc/arm-none-eabi/5.4.1/../../../../arm-none-eabi/lib/armv7-m\libg_nano.a(lib_a-errno.o)
 .debug_frame   0x00001558       0x28 c:/program files (x86)/cypress/psoc creator/4.2/psoc creator/import/gnu/arm/5.4.1/bin/../lib/gcc/arm-none-eabi/5.4.1/../../../../arm-none-eabi/lib/armv7-m\libg_nano.a(lib_a-exit.o)
 .debug_frame   0x00001580       0x2c c:/program files (x86)/cypress/psoc creator/4.2/psoc creator/import/gnu/arm/5.4.1/bin/../lib/gcc/arm-none-eabi/5.4.1/../../../../arm-none-eabi/lib/armv7-m\libg_nano.a(lib_a-init.o)
 .debug_frame   0x000015ac       0x28 c:/program files (x86)/cypress/psoc creator/4.2/psoc creator/import/gnu/arm/5.4.1/bin/../lib/gcc/arm-none-eabi/5.4.1/../../../../arm-none-eabi/lib/armv7-m\libg_nano.a(lib_a-memcpy-stub.o)
 .debug_frame   0x000015d4       0x20 c:/program files (x86)/cypress/psoc creator/4.2/psoc creator/import/gnu/arm/5.4.1/bin/../lib/gcc/arm-none-eabi/5.4.1/../../../../arm-none-eabi/lib/armv7-m\libg_nano.a(lib_a-memset.o)

.debug_str      0x00000000     0x19fb
 *(.debug_str)
 .debug_str     0x00000000      0x256 .\CortexM3\ARM_GCC_541\Debug\main.o
                                0x29e (size before relaxing)
 .debug_str     0x00000256      0x17d .\CortexM3\ARM_GCC_541\Debug\cyfitter_cfg.o
                                0x322 (size before relaxing)
 .debug_str     0x000003d3       0x7f .\CortexM3\ARM_GCC_541\Debug\cymetadata.o
                                0x1ed (size before relaxing)
 .debug_str     0x00000452      0x144 .\CortexM3\ARM_GCC_541\Debug\Cm3Start.o
                                0x313 (size before relaxing)
 .debug_str     0x00000596      0x14f .\CortexM3\ARM_GCC_541\Debug\RAMA1.a(LCD.o)
                                0x358 (size before relaxing)
 .debug_str     0x000006e5       0x32 .\CortexM3\ARM_GCC_541\Debug\RAMA1.a(LCD_CustChars.o)
                                0x207 (size before relaxing)
 .debug_str     0x00000717      0x833 .\CortexM3\ARM_GCC_541\Debug\RAMA1.a(CyLib.o)
                                0xa50 (size before relaxing)
 .debug_str     0x00000f4a      0x365 .\CortexM3\ARM_GCC_541\Debug\RAMA1.a(cyPm.o)
                                0x73c (size before relaxing)
 .debug_str     0x000012af       0x71 .\CortexM3\ARM_GCC_541\Debug\RAMA1.a(SWI.o)
                                0x219 (size before relaxing)
 .debug_str     0x00001320       0xe5 .\CortexM3\ARM_GCC_541\Debug\RAMA1.a(IRQ_SW.o)
                                0x2bd (size before relaxing)
 .debug_str     0x00001405      0x1ad .\CortexM3\ARM_GCC_541\Debug\RAMA1.a(ADC.o)
                                0x430 (size before relaxing)
 .debug_str     0x000015b2       0x29 .\CortexM3\ARM_GCC_541\Debug\RAMA1.a(ADC_INT.o)
                                0x198 (size before relaxing)
 .debug_str     0x000015db      0x1b9 .\CortexM3\ARM_GCC_541\Debug\RAMA1.a(ADC_theACLK.o)
                                0x36a (size before relaxing)
 .debug_str     0x00001794      0x1bb .\CortexM3\ARM_GCC_541\Debug\RAMA1.a(CyFlash.o)
                                0x3c9 (size before relaxing)
 .debug_str     0x0000194f       0xac .\CortexM3\ARM_GCC_541\Debug\RAMA1.a(CySpc.o)
                                0x341 (size before relaxing)

.debug_loc      0x00000000     0x22fe
 *(.debug_loc)
 .debug_loc     0x00000000       0x47 .\CortexM3\ARM_GCC_541\Debug\main.o
 .debug_loc     0x00000047      0x1fd .\CortexM3\ARM_GCC_541\Debug\cyfitter_cfg.o
 .debug_loc     0x00000244      0x144 .\CortexM3\ARM_GCC_541\Debug\Cm3Start.o
 .debug_loc     0x00000388      0x3c6 .\CortexM3\ARM_GCC_541\Debug\RAMA1.a(LCD.o)
 .debug_loc     0x0000074e       0x48 .\CortexM3\ARM_GCC_541\Debug\RAMA1.a(LCD_CustChars.o)
 .debug_loc     0x00000796      0xa11 .\CortexM3\ARM_GCC_541\Debug\RAMA1.a(CyLib.o)
 .debug_loc     0x000011a7      0x1e4 .\CortexM3\ARM_GCC_541\Debug\RAMA1.a(cyPm.o)
 .debug_loc     0x0000138b       0x84 .\CortexM3\ARM_GCC_541\Debug\RAMA1.a(SWI.o)
 .debug_loc     0x0000140f       0x56 .\CortexM3\ARM_GCC_541\Debug\RAMA1.a(IRQ_SW.o)
 .debug_loc     0x00001465      0x295 .\CortexM3\ARM_GCC_541\Debug\RAMA1.a(ADC.o)
 .debug_loc     0x000016fa      0x14d .\CortexM3\ARM_GCC_541\Debug\RAMA1.a(ADC_theACLK.o)
 .debug_loc     0x00001847      0x3b2 .\CortexM3\ARM_GCC_541\Debug\RAMA1.a(CyFlash.o)
 .debug_loc     0x00001bf9      0x705 .\CortexM3\ARM_GCC_541\Debug\RAMA1.a(CySpc.o)

.debug_macinfo
 *(.debug_macinfo)

.debug_ranges   0x00000000      0x6f8
 *(.debug_ranges)
 .debug_ranges  0x00000000       0x20 .\CortexM3\ARM_GCC_541\Debug\main.o
 .debug_ranges  0x00000020       0x48 .\CortexM3\ARM_GCC_541\Debug\cyfitter_cfg.o
 .debug_ranges  0x00000068       0x38 .\CortexM3\ARM_GCC_541\Debug\Cm3Start.o
 .debug_ranges  0x000000a0       0x88 .\CortexM3\ARM_GCC_541\Debug\RAMA1.a(LCD.o)
 .debug_ranges  0x00000128       0x10 .\CortexM3\ARM_GCC_541\Debug\RAMA1.a(LCD_CustChars.o)
 .debug_ranges  0x00000138      0x290 .\CortexM3\ARM_GCC_541\Debug\RAMA1.a(CyLib.o)
 .debug_ranges  0x000003c8       0x88 .\CortexM3\ARM_GCC_541\Debug\RAMA1.a(cyPm.o)
 .debug_ranges  0x00000450       0x38 .\CortexM3\ARM_GCC_541\Debug\RAMA1.a(SWI.o)
 .debug_ranges  0x00000488       0x70 .\CortexM3\ARM_GCC_541\Debug\RAMA1.a(IRQ_SW.o)
 .debug_ranges  0x000004f8       0x98 .\CortexM3\ARM_GCC_541\Debug\RAMA1.a(ADC.o)
 .debug_ranges  0x00000590       0x10 .\CortexM3\ARM_GCC_541\Debug\RAMA1.a(ADC_INT.o)
 .debug_ranges  0x000005a0       0x70 .\CortexM3\ARM_GCC_541\Debug\RAMA1.a(ADC_theACLK.o)
 .debug_ranges  0x00000610       0x78 .\CortexM3\ARM_GCC_541\Debug\RAMA1.a(CyFlash.o)
 .debug_ranges  0x00000688       0x70 .\CortexM3\ARM_GCC_541\Debug\RAMA1.a(CySpc.o)

.comment        0x00000000       0x6e
 .comment       0x00000000       0x6e .\CortexM3\ARM_GCC_541\Debug\main.o
                                 0x6f (size before relaxing)
 .comment       0x0000006e       0x6f .\CortexM3\ARM_GCC_541\Debug\cyfitter_cfg.o
 .comment       0x0000006e       0x6f .\CortexM3\ARM_GCC_541\Debug\cymetadata.o
 .comment       0x0000006e       0x6f .\CortexM3\ARM_GCC_541\Debug\Cm3Start.o
 .comment       0x0000006e       0x6f .\CortexM3\ARM_GCC_541\Debug\RAMA1.a(LCD.o)
 .comment       0x0000006e       0x6f .\CortexM3\ARM_GCC_541\Debug\RAMA1.a(LCD_CustChars.o)
 .comment       0x0000006e       0x6f .\CortexM3\ARM_GCC_541\Debug\RAMA1.a(CyLib.o)
 .comment       0x0000006e       0x6f .\CortexM3\ARM_GCC_541\Debug\RAMA1.a(cyPm.o)
 .comment       0x0000006e       0x6f .\CortexM3\ARM_GCC_541\Debug\RAMA1.a(SWI.o)
 .comment       0x0000006e       0x6f .\CortexM3\ARM_GCC_541\Debug\RAMA1.a(IRQ_SW.o)
 .comment       0x0000006e       0x6f .\CortexM3\ARM_GCC_541\Debug\RAMA1.a(ADC.o)
 .comment       0x0000006e       0x6f .\CortexM3\ARM_GCC_541\Debug\RAMA1.a(ADC_INT.o)
 .comment       0x0000006e       0x6f .\CortexM3\ARM_GCC_541\Debug\RAMA1.a(ADC_theACLK.o)
 .comment       0x0000006e       0x6f .\CortexM3\ARM_GCC_541\Debug\RAMA1.a(CyFlash.o)
 .comment       0x0000006e       0x6f .\CortexM3\ARM_GCC_541\Debug\RAMA1.a(CySpc.o)

.debug_weaknames
 *(.debug_weaknames)

.debug_funcnames
 *(.debug_funcnames)

.debug_typenames
 *(.debug_typenames)

.debug_varnames
 *(.debug_varnames)

.note.gnu.arm.ident
 *(.note.gnu.arm.ident)

.ARM.attributes
                0x00000000       0x29
 *(.ARM.attributes)
 .ARM.attributes
                0x00000000       0x1d c:/program files (x86)/cypress/psoc creator/4.2/psoc creator/import/gnu/arm/5.4.1/bin/../lib/gcc/arm-none-eabi/5.4.1/armv7-m/crti.o
 .ARM.attributes
                0x0000001d       0x2d c:/program files (x86)/cypress/psoc creator/4.2/psoc creator/import/gnu/arm/5.4.1/bin/../lib/gcc/arm-none-eabi/5.4.1/armv7-m/crtbegin.o
 .ARM.attributes
                0x0000004a       0x1b c:/program files (x86)/cypress/psoc creator/4.2/psoc creator/import/gnu/arm/5.4.1/bin/../lib/gcc/arm-none-eabi/5.4.1/../../../../arm-none-eabi/lib/armv7-m/crt0.o
 .ARM.attributes
                0x00000065       0x33 .\CortexM3\ARM_GCC_541\Debug\main.o
 .ARM.attributes
                0x00000098       0x33 .\CortexM3\ARM_GCC_541\Debug\cyfitter_cfg.o
 .ARM.attributes
                0x000000cb       0x33 .\CortexM3\ARM_GCC_541\Debug\cymetadata.o
 .ARM.attributes
                0x000000fe       0x33 .\CortexM3\ARM_GCC_541\Debug\Cm3Start.o
 .ARM.attributes
                0x00000131       0x33 .\CortexM3\ARM_GCC_541\Debug\RAMA1.a(LCD.o)
 .ARM.attributes
                0x00000164       0x33 .\CortexM3\ARM_GCC_541\Debug\RAMA1.a(LCD_CustChars.o)
 .ARM.attributes
                0x00000197       0x33 .\CortexM3\ARM_GCC_541\Debug\RAMA1.a(CyLib.o)
 .ARM.attributes
                0x000001ca       0x33 .\CortexM3\ARM_GCC_541\Debug\RAMA1.a(cyPm.o)
 .ARM.attributes
                0x000001fd       0x33 .\CortexM3\ARM_GCC_541\Debug\RAMA1.a(SWI.o)
 .ARM.attributes
                0x00000230       0x33 .\CortexM3\ARM_GCC_541\Debug\RAMA1.a(IRQ_SW.o)
 .ARM.attributes
                0x00000263       0x33 .\CortexM3\ARM_GCC_541\Debug\RAMA1.a(ADC.o)
 .ARM.attributes
                0x00000296       0x33 .\CortexM3\ARM_GCC_541\Debug\RAMA1.a(ADC_INT.o)
 .ARM.attributes
                0x000002c9       0x33 .\CortexM3\ARM_GCC_541\Debug\RAMA1.a(ADC_theACLK.o)
 .ARM.attributes
                0x000002fc       0x21 .\CortexM3\ARM_GCC_541\Debug\RAMA1.a(CyBootAsmGnu.o)
 .ARM.attributes
                0x0000031d       0x33 .\CortexM3\ARM_GCC_541\Debug\RAMA1.a(CyFlash.o)
 .ARM.attributes
                0x00000350       0x33 .\CortexM3\ARM_GCC_541\Debug\RAMA1.a(CySpc.o)
 .ARM.attributes
                0x00000383       0x1d c:/program files (x86)/cypress/psoc creator/4.2/psoc creator/import/gnu/arm/5.4.1/bin/../lib/gcc/arm-none-eabi/5.4.1/armv7-m\libgcc.a(_arm_addsubsf3.o)
 .ARM.attributes
                0x000003a0       0x1d c:/program files (x86)/cypress/psoc creator/4.2/psoc creator/import/gnu/arm/5.4.1/bin/../lib/gcc/arm-none-eabi/5.4.1/armv7-m\libgcc.a(_arm_muldivsf3.o)
 .ARM.attributes
                0x000003bd       0x1d c:/program files (x86)/cypress/psoc creator/4.2/psoc creator/import/gnu/arm/5.4.1/bin/../lib/gcc/arm-none-eabi/5.4.1/armv7-m\libgcc.a(_aeabi_ldivmod.o)
 .ARM.attributes
                0x000003da       0x2d c:/program files (x86)/cypress/psoc creator/4.2/psoc creator/import/gnu/arm/5.4.1/bin/../lib/gcc/arm-none-eabi/5.4.1/armv7-m\libgcc.a(_udivmoddi4.o)
 .ARM.attributes
                0x00000407       0x1d c:/program files (x86)/cypress/psoc creator/4.2/psoc creator/import/gnu/arm/5.4.1/bin/../lib/gcc/arm-none-eabi/5.4.1/armv7-m\libgcc.a(_dvmd_tls.o)
 .ARM.attributes
                0x00000424       0x2d c:/program files (x86)/cypress/psoc creator/4.2/psoc creator/import/gnu/arm/5.4.1/bin/../lib/gcc/arm-none-eabi/5.4.1/../../../../arm-none-eabi/lib/armv7-m\libg_nano.a(lib_a-errno.o)
 .ARM.attributes
                0x00000451       0x2d c:/program files (x86)/cypress/psoc creator/4.2/psoc creator/import/gnu/arm/5.4.1/bin/../lib/gcc/arm-none-eabi/5.4.1/../../../../arm-none-eabi/lib/armv7-m\libg_nano.a(lib_a-exit.o)
 .ARM.attributes
                0x0000047e       0x2d c:/program files (x86)/cypress/psoc creator/4.2/psoc creator/import/gnu/arm/5.4.1/bin/../lib/gcc/arm-none-eabi/5.4.1/../../../../arm-none-eabi/lib/armv7-m\libg_nano.a(lib_a-impure.o)
 .ARM.attributes
                0x000004ab       0x2d c:/program files (x86)/cypress/psoc creator/4.2/psoc creator/import/gnu/arm/5.4.1/bin/../lib/gcc/arm-none-eabi/5.4.1/../../../../arm-none-eabi/lib/armv7-m\libg_nano.a(lib_a-init.o)
 .ARM.attributes
                0x000004d8       0x2d c:/program files (x86)/cypress/psoc creator/4.2/psoc creator/import/gnu/arm/5.4.1/bin/../lib/gcc/arm-none-eabi/5.4.1/../../../../arm-none-eabi/lib/armv7-m\libg_nano.a(lib_a-memcpy-stub.o)
 .ARM.attributes
                0x00000505       0x2d c:/program files (x86)/cypress/psoc creator/4.2/psoc creator/import/gnu/arm/5.4.1/bin/../lib/gcc/arm-none-eabi/5.4.1/../../../../arm-none-eabi/lib/armv7-m\libg_nano.a(lib_a-memset.o)
 .ARM.attributes
                0x00000532       0x2d c:/program files (x86)/cypress/psoc creator/4.2/psoc creator/import/gnu/arm/5.4.1/bin/../lib/gcc/arm-none-eabi/5.4.1/armv7-m/crtend.o
 .ARM.attributes
                0x0000055f       0x1d c:/program files (x86)/cypress/psoc creator/4.2/psoc creator/import/gnu/arm/5.4.1/bin/../lib/gcc/arm-none-eabi/5.4.1/armv7-m/crtn.o

/DISCARD/
 *(.note.GNU-stack)
OUTPUT(C:\Users\nikod\Documents\Octavo\Termometro\SensordeTemperatura\RAMA1.cydsn\CortexM3\ARM_GCC_541\Debug\RAMA1.elf elf32-littlearm)
